Archive member included because of file (symbol)

C:\Users\bbsmi\AppData\Local\Temp\VMBuilds\Yamura_Logger\SparkFun_sparkfun_samd_RedBoard_Turbo\Release/core.a(cortex_handlers.c.o)
                              (Reset_Handler)
C:\Users\bbsmi\AppData\Local\Temp\VMBuilds\Yamura_Logger\SparkFun_sparkfun_samd_RedBoard_Turbo\Release/core.a(delay.c.o)
                              SD\utility\Sd2Card.cpp.o (millis)
C:\Users\bbsmi\AppData\Local\Temp\VMBuilds\Yamura_Logger\SparkFun_sparkfun_samd_RedBoard_Turbo\Release/core.a(hooks.c.o)
                              C:\Users\bbsmi\AppData\Local\Temp\VMBuilds\Yamura_Logger\SparkFun_sparkfun_samd_RedBoard_Turbo\Release/core.a(delay.c.o) (yield)
C:\Users\bbsmi\AppData\Local\Temp\VMBuilds\Yamura_Logger\SparkFun_sparkfun_samd_RedBoard_Turbo\Release/core.a(startup.c.o)
                              C:\Users\bbsmi\AppData\Local\Temp\VMBuilds\Yamura_Logger\SparkFun_sparkfun_samd_RedBoard_Turbo\Release/core.a(cortex_handlers.c.o) (SystemInit)
C:\Users\bbsmi\AppData\Local\Temp\VMBuilds\Yamura_Logger\SparkFun_sparkfun_samd_RedBoard_Turbo\Release/core.a(wiring.c.o)
                              C:\Users\bbsmi\AppData\Local\Temp\VMBuilds\Yamura_Logger\SparkFun_sparkfun_samd_RedBoard_Turbo\Release/core.a(startup.c.o) (SystemCoreClock)
C:\Users\bbsmi\AppData\Local\Temp\VMBuilds\Yamura_Logger\SparkFun_sparkfun_samd_RedBoard_Turbo\Release/core.a(wiring_analog.c.o)
                              C:\Users\bbsmi\AppData\Local\Temp\VMBuilds\Yamura_Logger\SparkFun_sparkfun_samd_RedBoard_Turbo\Release/core.a(wiring.c.o) (analogReference)
C:\Users\bbsmi\AppData\Local\Temp\VMBuilds\Yamura_Logger\SparkFun_sparkfun_samd_RedBoard_Turbo\Release/core.a(wiring_digital.c.o)
                              Yamura_Logger.cpp.o (pinMode)
C:\Users\bbsmi\AppData\Local\Temp\VMBuilds\Yamura_Logger\SparkFun_sparkfun_samd_RedBoard_Turbo\Release/core.a(wiring_private.c.o)
                              Wire\Wire.cpp.o (pinPeripheral)
C:\Users\bbsmi\AppData\Local\Temp\VMBuilds\Yamura_Logger\SparkFun_sparkfun_samd_RedBoard_Turbo\Release/core.a(abi.cpp.o)
                              Wire\Wire.cpp.o (__cxa_pure_virtual)
C:\Users\bbsmi\AppData\Local\Temp\VMBuilds\Yamura_Logger\SparkFun_sparkfun_samd_RedBoard_Turbo\Release/core.a(main.cpp.o)
                              c:/users/bbsmi/appdata/local/arduino15/packages/arduino/tools/arm-none-eabi-gcc/4.8.3-2014q1/bin/../lib/gcc/arm-none-eabi/4.8.3/../../../../arm-none-eabi/lib/armv6-m/crt0.o (main)
C:\Users\bbsmi\AppData\Local\Temp\VMBuilds\Yamura_Logger\SparkFun_sparkfun_samd_RedBoard_Turbo\Release/core.a(Print.cpp.o)
                              Wire\Wire.cpp.o (Print::write(unsigned char const*, unsigned int))
C:\Users\bbsmi\AppData\Local\Temp\VMBuilds\Yamura_Logger\SparkFun_sparkfun_samd_RedBoard_Turbo\Release/core.a(Reset.cpp.o)
                              C:\Users\bbsmi\AppData\Local\Temp\VMBuilds\Yamura_Logger\SparkFun_sparkfun_samd_RedBoard_Turbo\Release/core.a(delay.c.o) (tickReset)
C:\Users\bbsmi\AppData\Local\Temp\VMBuilds\Yamura_Logger\SparkFun_sparkfun_samd_RedBoard_Turbo\Release/core.a(SERCOM.cpp.o)
                              C:\Users\bbsmi\AppData\Local\Temp\VMBCore\arduino16x\84a9e3d3ad7112baf7c76b204efe1e4c\variant\variant.cpp.o (SERCOM::SERCOM(Sercom*))
C:\Users\bbsmi\AppData\Local\Temp\VMBuilds\Yamura_Logger\SparkFun_sparkfun_samd_RedBoard_Turbo\Release/core.a(Uart.cpp.o)
                              C:\Users\bbsmi\AppData\Local\Temp\VMBCore\arduino16x\84a9e3d3ad7112baf7c76b204efe1e4c\variant\variant.cpp.o (Uart::Uart(SERCOM*, unsigned char, unsigned char, SercomRXPad, SercomUartTXPad))
C:\Users\bbsmi\AppData\Local\Temp\VMBuilds\Yamura_Logger\SparkFun_sparkfun_samd_RedBoard_Turbo\Release/core.a(WString.cpp.o)
                              Yamura_Logger.cpp.o (String::~String())
C:\Users\bbsmi\AppData\Local\Temp\VMBuilds\Yamura_Logger\SparkFun_sparkfun_samd_RedBoard_Turbo\Release/core.a(CDC.cpp.o)
                              Yamura_Logger.cpp.o (Serial_::write(unsigned char))
C:\Users\bbsmi\AppData\Local\Temp\VMBuilds\Yamura_Logger\SparkFun_sparkfun_samd_RedBoard_Turbo\Release/core.a(USBCore.cpp.o)
                              C:\Users\bbsmi\AppData\Local\Temp\VMBuilds\Yamura_Logger\SparkFun_sparkfun_samd_RedBoard_Turbo\Release/core.a(main.cpp.o) (USBDeviceClass::init())
C:\Users\bbsmi\AppData\Local\Temp\VMBuilds\Yamura_Logger\SparkFun_sparkfun_samd_RedBoard_Turbo\Release/core.a(itoa.c.o)
                              C:\Users\bbsmi\AppData\Local\Temp\VMBuilds\Yamura_Logger\SparkFun_sparkfun_samd_RedBoard_Turbo\Release/core.a(WString.cpp.o) (ltoa)
C:\Users\bbsmi\AppData\Local\Temp\VMBuilds\Yamura_Logger\SparkFun_sparkfun_samd_RedBoard_Turbo\Release/core.a(dtostrf.c.o)
                              C:\Users\bbsmi\AppData\Local\Temp\VMBuilds\Yamura_Logger\SparkFun_sparkfun_samd_RedBoard_Turbo\Release/core.a(WString.cpp.o) (dtostrf)
[...]
Memory Configuration

Name             Origin             Length             Attributes
FLASH            0x00002000         0x0003e000         xr
RAM              0x20000000         0x00008000         xrw
*default*        0x00000000         0xffffffff

Linker script and memory map

LOAD c:/users/bbsmi/appdata/local/arduino15/packages/arduino/tools/arm-none-eabi-gcc/4.8.3-2014q1/bin/../lib/gcc/arm-none-eabi/4.8.3/armv6-m/crti.o
LOAD c:/users/bbsmi/appdata/local/arduino15/packages/arduino/tools/arm-none-eabi-gcc/4.8.3-2014q1/bin/../lib/gcc/arm-none-eabi/4.8.3/armv6-m/crtbegin.o
LOAD c:/users/bbsmi/appdata/local/arduino15/packages/arduino/tools/arm-none-eabi-gcc/4.8.3-2014q1/bin/../lib/gcc/arm-none-eabi/4.8.3/../../../../arm-none-eabi/lib/armv6-m/crt0.o
LOAD Yamura_Logger.cpp.o
LOAD Wire\Wire.cpp.o
LOAD SPI\SPI.cpp.o
LOAD SD\File.cpp.o
LOAD SD\SD.cpp.o
LOAD SD\utility\Sd2Card.cpp.o
LOAD SD\utility\SdFile.cpp.o
LOAD SD\utility\SdVolume.cpp.o
LOAD SparkFun_MMA8452Q_Arduino_Library-master\SparkFun_MMA8452Q.cpp.o
LOAD SparkFun_I2C_GPS_Arduino_Library-master\SparkFun_I2C_GPS_Arduino_Library.cpp.o
LOAD C:\Users\bbsmi\AppData\Local\Temp\VMBCore\arduino16x\84a9e3d3ad7112baf7c76b204efe1e4c\variant\variant.cpp.o
START GROUP
LOAD C:\Users\bbsmi\AppData\Local\arduino15\packages\arduino\tools\CMSIS\4.5.0/CMSIS/Lib/GCC/\libarm_cortexM0l_math.a
LOAD c:/users/bbsmi/appdata/local/arduino15/packages/arduino/tools/arm-none-eabi-gcc/4.8.3-2014q1/bin/../lib/gcc/arm-none-eabi/4.8.3/../../../../arm-none-eabi/lib/armv6-m\libm.a
LOAD C:\Users\bbsmi\AppData\Local\Temp\VMBuilds\Yamura_Logger\SparkFun_sparkfun_samd_RedBoard_Turbo\Release/core.a
END GROUP
START GROUP
LOAD c:/users/bbsmi/appdata/local/arduino15/packages/arduino/tools/arm-none-eabi-gcc/4.8.3-2014q1/bin/../lib/gcc/arm-none-eabi/4.8.3/armv6-m\libgcc.a
LOAD c:/users/bbsmi/appdata/local/arduino15/packages/arduino/tools/arm-none-eabi-gcc/4.8.3-2014q1/bin/../lib/gcc/arm-none-eabi/4.8.3/../../../../arm-none-eabi/lib/armv6-m\libc_s.a
END GROUP
START GROUP
LOAD c:/users/bbsmi/appdata/local/arduino15/packages/arduino/tools/arm-none-eabi-gcc/4.8.3-2014q1/bin/../lib/gcc/arm-none-eabi/4.8.3/armv6-m\libgcc.a
LOAD c:/users/bbsmi/appdata/local/arduino15/packages/arduino/tools/arm-none-eabi-gcc/4.8.3-2014q1/bin/../lib/gcc/arm-none-eabi/4.8.3/../../../../arm-none-eabi/lib/armv6-m\libc_s.a
LOAD c:/users/bbsmi/appdata/local/arduino15/packages/arduino/tools/arm-none-eabi-gcc/4.8.3-2014q1/bin/../lib/gcc/arm-none-eabi/4.8.3/../../../../arm-none-eabi/lib/armv6-m\libnosys.a
END GROUP
START GROUP
LOAD c:/users/bbsmi/appdata/local/arduino15/packages/arduino/tools/arm-none-eabi-gcc/4.8.3-2014q1/bin/../lib/gcc/arm-none-eabi/4.8.3/armv6-m\libgcc.a
LOAD c:/users/bbsmi/appdata/local/arduino15/packages/arduino/tools/arm-none-eabi-gcc/4.8.3-2014q1/bin/../lib/gcc/arm-none-eabi/4.8.3/../../../../arm-none-eabi/lib/armv6-m\libc_s.a
LOAD c:/users/bbsmi/appdata/local/arduino15/packages/arduino/tools/arm-none-eabi-gcc/4.8.3-2014q1/bin/../lib/gcc/arm-none-eabi/4.8.3/../../../../arm-none-eabi/lib/armv6-m\libnosys.a
END GROUP
LOAD c:/users/bbsmi/appdata/local/arduino15/packages/arduino/tools/arm-none-eabi-gcc/4.8.3-2014q1/bin/../lib/gcc/arm-none-eabi/4.8.3/armv6-m/crtend.o
LOAD c:/users/bbsmi/appdata/local/arduino15/packages/arduino/tools/arm-none-eabi-gcc/4.8.3-2014q1/bin/../lib/gcc/arm-none-eabi/4.8.3/armv6-m/crtn.o

.text           0x00002000     0x610c
 *(.isr_vector)
 .isr_vector    0x00002000       0xb4 C:\Users\bbsmi\AppData\Local\Temp\VMBuilds\Yamura_Logger\SparkFun_sparkfun_samd_RedBoard_Turbo\Release/core.a(cortex_handlers.c.o)
                0x00002000                exception_table
 *(.text*)
 .text          0x000020b4       0x60 c:/users/bbsmi/appdata/local/arduino15/packages/arduino/tools/arm-none-eabi-gcc/4.8.3-2014q1/bin/../lib/gcc/arm-none-eabi/4.8.3/armv6-m/crtbegin.o
 .text.setup    0x00002114      0x180 Yamura_Logger.cpp.o
                0x00002114                setup
 .text._Z8LogPrintc
                0x00002294       0x1c Yamura_Logger.cpp.o
                0x00002294                LogPrint(char)
 .text._Z8LogPrint6String
                0x000022b0       0x1c Yamura_Logger.cpp.o
                0x000022b0                LogPrint(String)
 .text._Z8LogWritePci
                0x000022cc       0x24 Yamura_Logger.cpp.o
                0x000022cc                LogWrite(char*, int)
 .text._ZN5SDLib4FileaSEOS0_
                0x000022f0       0x24 Yamura_Logger.cpp.o
                0x000022f0                SDLib::File::operator=(SDLib::File&&)
 .text._Z13CloseDataFilev
                0x00002314       0x10 Yamura_Logger.cpp.o
                0x00002314                CloseDataFile()
 .text.startup._GLOBAL__sub_I_dataFile
                0x00002324       0x4c Yamura_Logger.cpp.o
 .text._Z7LogDatav
                0x00002370      0x144 Yamura_Logger.cpp.o
                0x00002370                LogData()
 .text._Z15ManageDataFilesv
                0x000024b4      0x1b8 Yamura_Logger.cpp.o
                0x000024b4                ManageDataFiles()
 .text._Z11SendINIFilev
                0x0000266c       0x8c Yamura_Logger.cpp.o
                0x0000266c                SendINIFile()
 .text._Z14ReceiveINIFilev
                0x000026f8       0xa8 Yamura_Logger.cpp.o
                0x000026f8                ReceiveINIFile()
 .text._Z12OpenDataFilev
                0x000027a0      0x148 Yamura_Logger.cpp.o
                0x000027a0                OpenDataFile()
 .text._Z10CheckStartv
                0x000028e8       0xa4 Yamura_Logger.cpp.o
                0x000028e8                CheckStart()
 .text.loop     0x0000298c        0xc Yamura_Logger.cpp.o
                0x0000298c                loop
 .text._ZN5Print17availableForWriteEv
                0x00002998        0x4 Wire\Wire.cpp.o
                0x00002998                Print::availableForWrite()
 .text._ZN5Print5flushEv
                0x0000299c        0x2 Wire\Wire.cpp.o
                0x0000299c                Print::flush()
 .text._ZN7TwoWire5writeEPKhj
                0x0000299e       0x24 Wire\Wire.cpp.o
                0x0000299e                TwoWire::write(unsigned char const*, unsigned int)
 .text._ZN7TwoWire5flushEv
                0x000029c2        0x2 Wire\Wire.cpp.o
                0x000029c2                TwoWire::flush()
 .text._ZN7TwoWire4peekEv
                0x000029c4       0x1a Wire\Wire.cpp.o
                0x000029c4                TwoWire::peek()
 .text._ZN7TwoWire9availableEv
                0x000029de       0x12 Wire\Wire.cpp.o
                0x000029de                TwoWire::available()
 .text._ZN7TwoWireC2EP6SERCOMhh
                0x000029f0       0x5c Wire\Wire.cpp.o
                0x000029f0                TwoWire::TwoWire(SERCOM*, unsigned char, unsigned char)
                0x000029f0                TwoWire::TwoWire(SERCOM*, unsigned char, unsigned char)
 .text._ZN7TwoWire5beginEv
                0x00002a4c       0x40 Wire\Wire.cpp.o
                0x00002a4c                TwoWire::begin()
 .text._ZN7TwoWire8setClockEm
                0x00002a8c       0x1c Wire\Wire.cpp.o
                0x00002a8c                TwoWire::setClock(unsigned long)
 .text._ZN7TwoWire17beginTransmissionEh
                0x00002aa8       0x18 Wire\Wire.cpp.o
                0x00002aa8                TwoWire::beginTransmission(unsigned char)
 .text._ZN11RingBufferNILi256EE10store_charEh
                0x00002ac0       0x1a Wire\Wire.cpp.o
                0x00002ac0                RingBufferN<256>::store_char(unsigned char)
 .text._ZN7TwoWire11requestFromEhjb
                0x00002ada       0x76 Wire\Wire.cpp.o
                0x00002ada                TwoWire::requestFrom(unsigned char, unsigned int, bool)
 .text._ZN7TwoWire11requestFromEhj
                0x00002b50        0xa Wire\Wire.cpp.o
                0x00002b50                TwoWire::requestFrom(unsigned char, unsigned int)
 .text._ZN7TwoWire5writeEh
                0x00002b5a       0x2a Wire\Wire.cpp.o
                0x00002b5a                TwoWire::write(unsigned char)
 .text._ZN11RingBufferNILi256EE9read_charEv
                0x00002b84       0x20 Wire\Wire.cpp.o
                0x00002b84                RingBufferN<256>::read_char()
 .text._ZN7TwoWire15endTransmissionEb
                0x00002ba4       0x72 Wire\Wire.cpp.o
                0x00002ba4                TwoWire::endTransmission(bool)
 .text._ZN7TwoWire15endTransmissionEv
                0x00002c16        0xa Wire\Wire.cpp.o
                0x00002c16                TwoWire::endTransmission()
 .text._ZN7TwoWire4readEv
                0x00002c20        0xa Wire\Wire.cpp.o
                0x00002c20                TwoWire::read()
 .text._ZN7TwoWire9onServiceEv
                0x00002c2a      0x11c Wire\Wire.cpp.o
                0x00002c2a                TwoWire::onService()
 *fill*         0x00002d46        0x2 
 .text.SERCOM3_Handler
                0x00002d48       0x10 Wire\Wire.cpp.o
                0x00002d48                SERCOM3_Handler
 .text.startup._GLOBAL__sub_I__ZN7TwoWireC2EP6SERCOMhh
                0x00002d58       0x18 Wire\Wire.cpp.o
 .text._ZN8SPIClass4initEv
                0x00002d70       0x12 SPI\SPI.cpp.o
                0x00002d70                SPIClass::init()
 .text._ZN8SPIClass6configE11SPISettings
                0x00002d82       0x36 SPI\SPI.cpp.o
                0x00002d82                SPIClass::config(SPISettings)
 .text._ZN8SPIClass5beginEv
                0x00002db8       0x50 SPI\SPI.cpp.o
                0x00002db8                SPIClass::begin()
 .text._ZN8SPIClass16beginTransactionE11SPISettings
                0x00002e08       0x38 SPI\SPI.cpp.o
                0x00002e08                SPIClass::beginTransaction(SPISettings)
 .text._ZN8SPIClass14endTransactionEv
                0x00002e40       0x24 SPI\SPI.cpp.o
                0x00002e40                SPIClass::endTransaction()
 .text._ZN8SPIClass8transferEh
                0x00002e64        0xa SPI\SPI.cpp.o
                0x00002e64                SPIClass::transfer(unsigned char)
 *fill*         0x00002e6e        0x2 
 .text.startup._GLOBAL__sub_I__ZN8SPIClassC2EP6SERCOMhhh14SercomSpiTXPad11SercomRXPad
                0x00002e70       0x38 SPI\SPI.cpp.o
 .text._ZN5SDLib4File5writeEh
                0x00002ea8       0x14 SD\File.cpp.o
                0x00002ea8                SDLib::File::write(unsigned char)
 .text._ZN5SDLib4File5writeEPKhj
                0x00002ebc       0x2a SD\File.cpp.o
                0x00002ebc                SDLib::File::write(unsigned char const*, unsigned int)
 .text._ZN5SDLib4File5flushEv
                0x00002ee6        0xe SD\File.cpp.o
                0x00002ee6                SDLib::File::flush()
 .text._ZN6SdFile4readEv
                0x00002ef4       0x20 SD\File.cpp.o
                0x00002ef4                SdFile::read()
 .text._ZN5SDLib4File4readEv
                0x00002f14       0x14 SD\File.cpp.o
                0x00002f14                SDLib::File::read()
 .text._ZN5SDLib4File4peekEv
                0x00002f28       0x22 SD\File.cpp.o
                0x00002f28                SDLib::File::peek()
 *fill*         0x00002f4a        0x2 
 .text._ZN5SDLib4FileC2E6SdFilePKc
                0x00002f4c       0x44 SD\File.cpp.o
                0x00002f4c                SDLib::File::File(SdFile, char const*)
                0x00002f4c                SDLib::File::File(SdFile, char const*)
 .text._ZN5SDLib4FileC2Ev
                0x00002f90       0x1c SD\File.cpp.o
                0x00002f90                SDLib::File::File()
                0x00002f90                SDLib::File::File()
 .text._ZN5SDLib4File4nameEv
                0x00002fac        0x4 SD\File.cpp.o
                0x00002fac                SDLib::File::name()
 .text._ZN5SDLib4File4readEPvt
                0x00002fb0        0xe SD\File.cpp.o
                0x00002fb0                SDLib::File::read(void*, unsigned short)
 .text._ZN5SDLib4File8positionEv
                0x00002fbe       0x10 SD\File.cpp.o
                0x00002fbe                SDLib::File::position()
 .text._ZN5SDLib4File4sizeEv
                0x00002fce        0xa SD\File.cpp.o
                0x00002fce                SDLib::File::size()
 .text._ZN5SDLib4File9availableEv
                0x00002fd8       0x28 SD\File.cpp.o
                0x00002fd8                SDLib::File::available()
 .text._ZN5SDLib4File5closeEv
                0x00003000       0x1a SD\File.cpp.o
                0x00003000                SDLib::File::close()
 .text._ZN5SDLib4FilecvbEv
                0x0000301a       0x10 SD\File.cpp.o
                0x0000301a                SDLib::File::operator bool()
 *fill*         0x0000302a        0x2 
 .text._ZN5SDLib19callback_pathExistsER6SdFilePKcbPv
                0x0000302c       0x3c SD\SD.cpp.o
                0x0000302c                SDLib::callback_pathExists(SdFile&, char const*, bool, void*)
 .text._ZN5SDLib15callback_removeER6SdFilePKcbPv
                0x00003068       0x18 SD\SD.cpp.o
                0x00003068                SDLib::callback_remove(SdFile&, char const*, bool, void*)
 .text._ZN8SdVolume4initEP7Sd2Card
                0x00003080       0x1e SD\SD.cpp.o
                0x00003080                SdVolume::init(Sd2Card*)
 .text._ZN5SDLib20getNextPathComponentEPKcPjPc
                0x0000309e       0x4a SD\SD.cpp.o
                0x0000309e                SDLib::getNextPathComponent(char const*, unsigned int*, char*)
 .text._ZN5SDLib8walkPathEPKcR6SdFilePFbS3_S1_bPvES4_
                0x000030e8       0xa0 SD\SD.cpp.o
                0x000030e8                SDLib::walkPath(char const*, SdFile&, bool (*)(SdFile&, char const*, bool, void*), void*)
 .text._ZN5SDLib7SDClass5beginEh
                0x00003188       0x4a SD\SD.cpp.o
                0x00003188                SDLib::SDClass::begin(unsigned char)
 *fill*         0x000031d2        0x2 
 .text._ZN6SdFileC2ERKS_
                0x000031d4       0x34 SD\SD.cpp.o
                0x000031d4                SdFile::SdFile(SdFile const&)
                0x000031d4                SdFile::SdFile(SdFile const&)
 .text._ZN5SDLib7SDClass12getParentDirEPKcPi
                0x00003208       0xac SD\SD.cpp.o
                0x00003208                SDLib::SDClass::getParentDir(char const*, int*)
 .text._ZN5SDLib7SDClass4openEPKch
                0x000032b4       0x90 SD\SD.cpp.o
                0x000032b4                SDLib::SDClass::open(char const*, unsigned char)
 .text._ZN5SDLib7SDClass6existsEPKc
                0x00003344       0x18 SD\SD.cpp.o
                0x00003344                SDLib::SDClass::exists(char const*)
 .text._ZN5SDLib7SDClass6removeEPKc
                0x0000335c       0x18 SD\SD.cpp.o
                0x0000335c                SDLib::SDClass::remove(char const*)
 .text._ZN5SDLib4File12openNextFileEh
                0x00003374       0x78 SD\SD.cpp.o
                0x00003374                SDLib::File::openNextFile(unsigned char)
 .text.startup._GLOBAL__sub_I__ZN5SDLib20getNextPathComponentEPKcPjPc
                0x000033ec       0x2c SD\SD.cpp.o
 .text._ZL7spiSendh
                0x00003418       0x10 SD\utility\Sd2Card.cpp.o
 .text._ZL6spiRecv
                0x00003428       0x10 SD\utility\Sd2Card.cpp.o
 .text._ZN7Sd2Card14chipSelectHighEv
                0x00003438       0x28 SD\utility\Sd2Card.cpp.o
                0x00003438                Sd2Card::chipSelectHigh()
 .text._ZN7Sd2Card13chipSelectLowEv
                0x00003460       0x30 SD\utility\Sd2Card.cpp.o
                0x00003460                Sd2Card::chipSelectLow()
 .text._ZN7Sd2Card7readEndEv
                0x00003490       0x2c SD\utility\Sd2Card.cpp.o
                0x00003490                Sd2Card::readEnd()
 .text._ZN7Sd2Card10setSckRateEh
                0x000034bc       0x6c SD\utility\Sd2Card.cpp.o
                0x000034bc                Sd2Card::setSckRate(unsigned char)
 .text._ZN7Sd2Card11waitNotBusyEj
                0x00003528       0x24 SD\utility\Sd2Card.cpp.o
                0x00003528                Sd2Card::waitNotBusy(unsigned int)
 .text._ZN7Sd2Card11cardCommandEhm
                0x0000354c       0x64 SD\utility\Sd2Card.cpp.o
                0x0000354c                Sd2Card::cardCommand(unsigned char, unsigned long)
 .text._ZN7Sd2Card4initEhh
                0x000035b0      0x140 SD\utility\Sd2Card.cpp.o
                0x000035b0                Sd2Card::init(unsigned char, unsigned char)
 .text._ZN7Sd2Card14waitStartBlockEv
                0x000036f0       0x3c SD\utility\Sd2Card.cpp.o
                0x000036f0                Sd2Card::waitStartBlock()
 .text._ZN7Sd2Card8readDataEmttPh
                0x0000372c       0xac SD\utility\Sd2Card.cpp.o
                0x0000372c                Sd2Card::readData(unsigned long, unsigned short, unsigned short, unsigned char*)
 .text._ZN7Sd2Card9readBlockEmPh
                0x000037d8       0x10 SD\utility\Sd2Card.cpp.o
                0x000037d8                Sd2Card::readBlock(unsigned long, unsigned char*)
 .text._ZN7Sd2Card9writeDataEhPKh
                0x000037e8       0x48 SD\utility\Sd2Card.cpp.o
                0x000037e8                Sd2Card::writeData(unsigned char, unsigned char const*)
 .text._ZN7Sd2Card10writeBlockEmPKh
                0x00003830       0x78 SD\utility\Sd2Card.cpp.o
                0x00003830                Sd2Card::writeBlock(unsigned long, unsigned char const*)
 .text.startup._GLOBAL__sub_I__ZN7Sd2Card11cardCommandEhm
                0x000038a8       0x18 SD\utility\Sd2Card.cpp.o
 .text._ZN6SdFile10addClusterEv
                0x000038c0       0x2c SD\utility\SdFile.cpp.o
                0x000038c0                SdFile::addCluster()
 .text._ZN6SdFile13addDirClusterEv
                0x000038ec       0x4a SD\utility\SdFile.cpp.o
                0x000038ec                SdFile::addDirCluster()
 *fill*         0x00003936        0x2 
 .text._ZN6SdFile13cacheDirEntryEh
                0x00003938       0x1c SD\utility\SdFile.cpp.o
                0x00003938                SdFile::cacheDirEntry(unsigned char)
 .text._ZN6SdFile7dirNameERK14directoryEntryPc
                0x00003954       0x2e SD\utility\SdFile.cpp.o
                0x00003954                SdFile::dirName(directoryEntry const&, char*)
 *fill*         0x00003982        0x2 
 .text._ZN6SdFile10make83NameEPKcPh
                0x00003984       0x8c SD\utility\SdFile.cpp.o
                0x00003984                SdFile::make83Name(char const*, unsigned char*)
 .text._ZN6SdFile8openRootEP8SdVolume
                0x00003a10       0x52 SD\utility\SdFile.cpp.o
                0x00003a10                SdFile::openRoot(SdVolume*)
 *fill*         0x00003a62        0x2 
 .text._ZN6SdFile4readEPvt
                0x00003a64      0x10c SD\utility\SdFile.cpp.o
                0x00003a64                SdFile::read(void*, unsigned short)
 .text._ZN6SdFile7readDirEP14directoryEntry
                0x00003b70       0x4a SD\utility\SdFile.cpp.o
                0x00003b70                SdFile::readDir(directoryEntry*)
 *fill*         0x00003bba        0x2 
 .text._ZN6SdFile12readDirCacheEv
                0x00003bbc       0x48 SD\utility\SdFile.cpp.o
                0x00003bbc                SdFile::readDirCache()
 .text._ZN6SdFile7seekSetEm
                0x00003c04       0x64 SD\utility\SdFile.cpp.o
                0x00003c04                SdFile::seekSet(unsigned long)
 .text._ZN6SdFile4syncEv
                0x00003c68       0x78 SD\utility\SdFile.cpp.o
                0x00003c68                SdFile::sync()
 .text._ZN6SdFile5closeEv
                0x00003ce0       0x14 SD\utility\SdFile.cpp.o
                0x00003ce0                SdFile::close()
 .text._ZN6SdFile8truncateEm
                0x00003cf4       0xb4 SD\utility\SdFile.cpp.o
                0x00003cf4                SdFile::truncate(unsigned long)
 .text._ZN6SdFile15openCachedEntryEhh
                0x00003da8       0x98 SD\utility\SdFile.cpp.o
                0x00003da8                SdFile::openCachedEntry(unsigned char, unsigned char)
 .text._ZN6SdFile4openEPS_PKch
                0x00003e40      0x134 SD\utility\SdFile.cpp.o
                0x00003e40                SdFile::open(SdFile*, char const*, unsigned char)
 .text._ZN6SdFile6removeEv
                0x00003f74       0x28 SD\utility\SdFile.cpp.o
                0x00003f74                SdFile::remove()
 .text._ZN6SdFile6removeEPS_PKc
                0x00003f9c       0x34 SD\utility\SdFile.cpp.o
                0x00003f9c                SdFile::remove(SdFile*, char const*)
 .text._ZN6SdFile5writeEPKvt
                0x00003fd0      0x1ac SD\utility\SdFile.cpp.o
                0x00003fd0                SdFile::write(void const*, unsigned short)
 .text._ZN6SdFile5writeEh
                0x0000417c       0x12 SD\utility\SdFile.cpp.o
                0x0000417c                SdFile::write(unsigned char)
 *fill*         0x0000418e        0x2 
 .text._ZN8SdVolume10cacheFlushEv
                0x00004190       0x54 SD\utility\SdVolume.cpp.o
                0x00004190                SdVolume::cacheFlush()
 .text._ZN8SdVolume13cacheRawBlockEmh
                0x000041e4       0x48 SD\utility\SdVolume.cpp.o
                0x000041e4                SdVolume::cacheRawBlock(unsigned long, unsigned char)
 .text._ZN8SdVolume14cacheZeroBlockEm
                0x0000422c       0x3c SD\utility\SdVolume.cpp.o
                0x0000422c                SdVolume::cacheZeroBlock(unsigned long)
 .text._ZNK8SdVolume6fatGetEmPm
                0x00004268       0x60 SD\utility\SdVolume.cpp.o
                0x00004268                SdVolume::fatGet(unsigned long, unsigned long*) const
 .text._ZNK8SdVolume9chainSizeEmPm
                0x000042c8       0x44 SD\utility\SdVolume.cpp.o
                0x000042c8                SdVolume::chainSize(unsigned long, unsigned long*) const
 .text._ZN8SdVolume6fatPutEmm
                0x0000430c       0x88 SD\utility\SdVolume.cpp.o
                0x0000430c                SdVolume::fatPut(unsigned long, unsigned long)
 .text._ZN8SdVolume15allocContiguousEmPm
                0x00004394       0xc8 SD\utility\SdVolume.cpp.o
                0x00004394                SdVolume::allocContiguous(unsigned long, unsigned long*)
 .text._ZN8SdVolume9freeChainEm
                0x0000445c       0x4c SD\utility\SdVolume.cpp.o
                0x0000445c                SdVolume::freeChain(unsigned long)
 .text._ZN8SdVolume4initEP7Sd2Cardh
                0x000044a8      0x128 SD\utility\SdVolume.cpp.o
                0x000044a8                SdVolume::init(Sd2Card*, unsigned char)
 .text._ZN7TwoWire5writeEi
                0x000045d0        0xc SparkFun_MMA8452Q_Arduino_Library-master\SparkFun_MMA8452Q.cpp.o
                0x000045d0                TwoWire::write(int)
 .text._ZN8MMA8452QC2Eh
                0x000045dc        0x8 SparkFun_MMA8452Q_Arduino_Library-master\SparkFun_MMA8452Q.cpp.o
                0x000045dc                MMA8452Q::MMA8452Q(unsigned char)
                0x000045dc                MMA8452Q::MMA8452Q(unsigned char)
 .text._ZN8MMA8452Q14writeRegistersE17MMA8452Q_RegisterPhh
                0x000045e4       0x36 SparkFun_MMA8452Q_Arduino_Library-master\SparkFun_MMA8452Q.cpp.o
                0x000045e4                MMA8452Q::writeRegisters(MMA8452Q_Register, unsigned char*, unsigned char)
 .text._ZN8MMA8452Q13writeRegisterE17MMA8452Q_Registerh
                0x0000461a       0x12 SparkFun_MMA8452Q_Arduino_Library-master\SparkFun_MMA8452Q.cpp.o
                0x0000461a                MMA8452Q::writeRegister(MMA8452Q_Register, unsigned char)
 .text._ZN8MMA8452Q12readRegisterE17MMA8452Q_Register
                0x0000462c       0x44 SparkFun_MMA8452Q_Arduino_Library-master\SparkFun_MMA8452Q.cpp.o
                0x0000462c                MMA8452Q::readRegister(MMA8452Q_Register)
 .text._ZN8MMA8452Q9availableEv
                0x00004670        0xe SparkFun_MMA8452Q_Arduino_Library-master\SparkFun_MMA8452Q.cpp.o
                0x00004670                MMA8452Q::available()
 .text._ZN8MMA8452Q7standbyEv
                0x0000467e       0x1a SparkFun_MMA8452Q_Arduino_Library-master\SparkFun_MMA8452Q.cpp.o
                0x0000467e                MMA8452Q::standby()
 .text._ZN8MMA8452Q6activeEv
                0x00004698       0x1a SparkFun_MMA8452Q_Arduino_Library-master\SparkFun_MMA8452Q.cpp.o
                0x00004698                MMA8452Q::active()
 .text._ZN8MMA8452Q8isActiveEv
                0x000046b2       0x14 SparkFun_MMA8452Q_Arduino_Library-master\SparkFun_MMA8452Q.cpp.o
                0x000046b2                MMA8452Q::isActive()
 .text._ZN8MMA8452Q8setupTapEhhh
                0x000046c6       0x86 SparkFun_MMA8452Q_Arduino_Library-master\SparkFun_MMA8452Q.cpp.o
                0x000046c6                MMA8452Q::setupTap(unsigned char, unsigned char, unsigned char)
 .text._ZN8MMA8452Q8setScaleE14MMA8452Q_Scale
                0x0000474c       0x38 SparkFun_MMA8452Q_Arduino_Library-master\SparkFun_MMA8452Q.cpp.o
                0x0000474c                MMA8452Q::setScale(MMA8452Q_Scale)
 .text._ZN8MMA8452Q11setDataRateE12MMA8452Q_ODR
                0x00004784       0x38 SparkFun_MMA8452Q_Arduino_Library-master\SparkFun_MMA8452Q.cpp.o
                0x00004784                MMA8452Q::setDataRate(MMA8452Q_ODR)
 .text._ZN8MMA8452Q7setupPLEv
                0x000047bc       0x3a SparkFun_MMA8452Q_Arduino_Library-master\SparkFun_MMA8452Q.cpp.o
                0x000047bc                MMA8452Q::setupPL()
 .text._ZN8MMA8452Q5beginER7TwoWireh
                0x000047f6       0x40 SparkFun_MMA8452Q_Arduino_Library-master\SparkFun_MMA8452Q.cpp.o
                0x000047f6                MMA8452Q::begin(TwoWire&, unsigned char)
 .text._ZN8MMA8452Q13readRegistersE17MMA8452Q_RegisterPhh
                0x00004836       0x4e SparkFun_MMA8452Q_Arduino_Library-master\SparkFun_MMA8452Q.cpp.o
                0x00004836                MMA8452Q::readRegisters(MMA8452Q_Register, unsigned char*, unsigned char)
 .text._ZN8MMA8452Q4getXEv
                0x00004884       0x1c SparkFun_MMA8452Q_Arduino_Library-master\SparkFun_MMA8452Q.cpp.o
                0x00004884                MMA8452Q::getX()
 .text._ZN8MMA8452Q14getCalculatedXEv
                0x000048a0       0x28 SparkFun_MMA8452Q_Arduino_Library-master\SparkFun_MMA8452Q.cpp.o
                0x000048a0                MMA8452Q::getCalculatedX()
 .text._ZN8MMA8452Q4getYEv
                0x000048c8       0x1c SparkFun_MMA8452Q_Arduino_Library-master\SparkFun_MMA8452Q.cpp.o
                0x000048c8                MMA8452Q::getY()
 .text._ZN8MMA8452Q14getCalculatedYEv
                0x000048e4       0x28 SparkFun_MMA8452Q_Arduino_Library-master\SparkFun_MMA8452Q.cpp.o
                0x000048e4                MMA8452Q::getCalculatedY()
 .text._ZN8MMA8452Q4getZEv
                0x0000490c       0x1c SparkFun_MMA8452Q_Arduino_Library-master\SparkFun_MMA8452Q.cpp.o
                0x0000490c                MMA8452Q::getZ()
 .text._ZN8MMA8452Q14getCalculatedZEv
                0x00004928       0x28 SparkFun_MMA8452Q_Arduino_Library-master\SparkFun_MMA8452Q.cpp.o
                0x00004928                MMA8452Q::getCalculatedZ()
 .text._ZN6I2CGPS5beginER7TwoWirem
                0x00004950       0x4c SparkFun_I2C_GPS_Arduino_Library-master\SparkFun_I2C_GPS_Arduino_Library.cpp.o
                0x00004950                I2CGPS::begin(TwoWire&, unsigned long)
 .text._ZN6I2CGPS5checkEv
                0x0000499c       0x60 SparkFun_I2C_GPS_Arduino_Library-master\SparkFun_I2C_GPS_Arduino_Library.cpp.o
                0x0000499c                I2CGPS::check()
 .text._ZN6I2CGPS9availableEv
                0x000049fc       0x28 SparkFun_I2C_GPS_Arduino_Library-master\SparkFun_I2C_GPS_Arduino_Library.cpp.o
                0x000049fc                I2CGPS::available()
 .text._ZN6I2CGPS4readEv
                0x00004a24       0x22 SparkFun_I2C_GPS_Arduino_Library-master\SparkFun_I2C_GPS_Arduino_Library.cpp.o
                0x00004a24                I2CGPS::read()
 *fill*         0x00004a46        0x2 
 .text._ZN6I2CGPS13sendMTKpacketE6String
                0x00004a48       0xac SparkFun_I2C_GPS_Arduino_Library-master\SparkFun_I2C_GPS_Arduino_Library.cpp.o
                0x00004a48                I2CGPS::sendMTKpacket(String)
 .text._ZN6I2CGPS13calcCRCforMTKE6String
                0x00004af4       0x60 SparkFun_I2C_GPS_Arduino_Library-master\SparkFun_I2C_GPS_Arduino_Library.cpp.o
                0x00004af4                I2CGPS::calcCRCforMTK(String)
 .text._ZN6I2CGPS15createMTKpacketEt6String
                0x00004b54       0xa0 SparkFun_I2C_GPS_Arduino_Library-master\SparkFun_I2C_GPS_Arduino_Library.cpp.o
                0x00004b54                I2CGPS::createMTKpacket(unsigned short, String)
 .text.SERCOM0_Handler
                0x00004bf4       0x10 C:\Users\bbsmi\AppData\Local\Temp\VMBCore\arduino16x\84a9e3d3ad7112baf7c76b204efe1e4c\variant\variant.cpp.o
                0x00004bf4                SERCOM0_Handler
 .text.startup._GLOBAL__sub_I_g_APinDescription
                0x00004c04       0x7c C:\Users\bbsmi\AppData\Local\Temp\VMBCore\arduino16x\84a9e3d3ad7112baf7c76b204efe1e4c\variant\variant.cpp.o
 .text.Dummy_Handler
                0x00004c80        0x2 C:\Users\bbsmi\AppData\Local\Temp\VMBuilds\Yamura_Logger\SparkFun_sparkfun_samd_RedBoard_Turbo\Release/core.a(cortex_handlers.c.o)
                0x00004c80                DMAC_Handler
                0x00004c80                HardFault_Handler
                0x00004c80                AC_Handler
                0x00004c80                PendSV_Handler
                0x00004c80                NMI_Handler
                0x00004c80                TC7_Handler
                0x00004c80                SERCOM1_Handler
                0x00004c80                ADC_Handler
                0x00004c80                TCC1_Handler
                0x00004c80                SERCOM2_Handler
                0x00004c80                TCC0_Handler
                0x00004c80                RTC_Handler
                0x00004c80                EIC_Handler
                0x00004c80                TC6_Handler
                0x00004c80                WDT_Handler
                0x00004c80                TC4_Handler
                0x00004c80                TC3_Handler
                0x00004c80                Dummy_Handler
                0x00004c80                PM_Handler
                0x00004c80                SERCOM5_Handler
                0x00004c80                SVC_Handler
                0x00004c80                TCC2_Handler
                0x00004c80                EVSYS_Handler
                0x00004c80                SERCOM4_Handler
                0x00004c80                I2S_Handler
                0x00004c80                NVMCTRL_Handler
                0x00004c80                DAC_Handler
                0x00004c80                PTC_Handler
                0x00004c80                SYSCTRL_Handler
 *fill*         0x00004c82        0x2 
 .text.USB_Handler
                0x00004c84       0x14 C:\Users\bbsmi\AppData\Local\Temp\VMBuilds\Yamura_Logger\SparkFun_sparkfun_samd_RedBoard_Turbo\Release/core.a(cortex_handlers.c.o)
                0x00004c84                USB_Handler
 .text.Reset_Handler
                0x00004c98       0x54 C:\Users\bbsmi\AppData\Local\Temp\VMBuilds\Yamura_Logger\SparkFun_sparkfun_samd_RedBoard_Turbo\Release/core.a(cortex_handlers.c.o)
                0x00004c98                Reset_Handler
 .text.SysTick_Handler
                0x00004cec       0x10 C:\Users\bbsmi\AppData\Local\Temp\VMBuilds\Yamura_Logger\SparkFun_sparkfun_samd_RedBoard_Turbo\Release/core.a(cortex_handlers.c.o)
                0x00004cec                SysTick_Handler
 .text.USB_SetHandler
                0x00004cfc        0xc C:\Users\bbsmi\AppData\Local\Temp\VMBuilds\Yamura_Logger\SparkFun_sparkfun_samd_RedBoard_Turbo\Release/core.a(cortex_handlers.c.o)
                0x00004cfc                USB_SetHandler
 .text.millis   0x00004d08        0xc C:\Users\bbsmi\AppData\Local\Temp\VMBuilds\Yamura_Logger\SparkFun_sparkfun_samd_RedBoard_Turbo\Release/core.a(delay.c.o)
                0x00004d08                millis
 .text.micros   0x00004d14       0x64 C:\Users\bbsmi\AppData\Local\Temp\VMBuilds\Yamura_Logger\SparkFun_sparkfun_samd_RedBoard_Turbo\Release/core.a(delay.c.o)
                0x00004d14                micros
 .text.delay    0x00004d78       0x20 C:\Users\bbsmi\AppData\Local\Temp\VMBuilds\Yamura_Logger\SparkFun_sparkfun_samd_RedBoard_Turbo\Release/core.a(delay.c.o)
                0x00004d78                delay
 .text.SysTick_DefaultHandler
                0x00004d98       0x14 C:\Users\bbsmi\AppData\Local\Temp\VMBuilds\Yamura_Logger\SparkFun_sparkfun_samd_RedBoard_Turbo\Release/core.a(delay.c.o)
                0x00004d98                SysTick_DefaultHandler
 .text.__empty  0x00004dac        0x2 C:\Users\bbsmi\AppData\Local\Temp\VMBuilds\Yamura_Logger\SparkFun_sparkfun_samd_RedBoard_Turbo\Release/core.a(hooks.c.o)
                0x00004dac                yield
 .text.__false  0x00004dae        0x4 C:\Users\bbsmi\AppData\Local\Temp\VMBuilds\Yamura_Logger\SparkFun_sparkfun_samd_RedBoard_Turbo\Release/core.a(hooks.c.o)
                0x00004dae                sysTickHook
 *fill*         0x00004db2        0x2 
 .text.SystemInit
                0x00004db4      0x168 C:\Users\bbsmi\AppData\Local\Temp\VMBuilds\Yamura_Logger\SparkFun_sparkfun_samd_RedBoard_Turbo\Release/core.a(startup.c.o)
                0x00004db4                SystemInit
 .text.init     0x00004f1c       0xf0 C:\Users\bbsmi\AppData\Local\Temp\VMBuilds\Yamura_Logger\SparkFun_sparkfun_samd_RedBoard_Turbo\Release/core.a(wiring.c.o)
                0x00004f1c                init
 .text.analogReference
                0x0000500c       0x5c C:\Users\bbsmi\AppData\Local\Temp\VMBuilds\Yamura_Logger\SparkFun_sparkfun_samd_RedBoard_Turbo\Release/core.a(wiring_analog.c.o)
                0x0000500c                analogReference
 .text.pinMode  0x00005068       0xb4 C:\Users\bbsmi\AppData\Local\Temp\VMBuilds\Yamura_Logger\SparkFun_sparkfun_samd_RedBoard_Turbo\Release/core.a(wiring_digital.c.o)
                0x00005068                pinMode
 .text.digitalWrite
                0x0000511c       0x60 C:\Users\bbsmi\AppData\Local\Temp\VMBuilds\Yamura_Logger\SparkFun_sparkfun_samd_RedBoard_Turbo\Release/core.a(wiring_digital.c.o)
                0x0000511c                digitalWrite
 .text.digitalRead
                0x0000517c       0x30 C:\Users\bbsmi\AppData\Local\Temp\VMBuilds\Yamura_Logger\SparkFun_sparkfun_samd_RedBoard_Turbo\Release/core.a(wiring_digital.c.o)
                0x0000517c                digitalRead
 .text.pinPeripheral
                0x000051ac       0xc4 C:\Users\bbsmi\AppData\Local\Temp\VMBuilds\Yamura_Logger\SparkFun_sparkfun_samd_RedBoard_Turbo\Release/core.a(wiring_private.c.o)
                0x000051ac                pinPeripheral
 .text._Z11initVariantv
                0x00005270        0x2 C:\Users\bbsmi\AppData\Local\Temp\VMBuilds\Yamura_Logger\SparkFun_sparkfun_samd_RedBoard_Turbo\Release/core.a(main.cpp.o)
                0x00005270                initVariant()
 *fill*         0x00005272        0x2 
 .text.startup.main
                0x00005274       0x40 C:\Users\bbsmi\AppData\Local\Temp\VMBuilds\Yamura_Logger\SparkFun_sparkfun_samd_RedBoard_Turbo\Release/core.a(main.cpp.o)
                0x00005274                main
 .text._ZN5Print5writeEPKhj
                0x000052b4       0x28 C:\Users\bbsmi\AppData\Local\Temp\VMBuilds\Yamura_Logger\SparkFun_sparkfun_samd_RedBoard_Turbo\Release/core.a(Print.cpp.o)
                0x000052b4                Print::write(unsigned char const*, unsigned int)
 .text._ZN5Print5writeEPKc
                0x000052dc       0x1c C:\Users\bbsmi\AppData\Local\Temp\VMBuilds\Yamura_Logger\SparkFun_sparkfun_samd_RedBoard_Turbo\Release/core.a(Print.cpp.o)
                0x000052dc                Print::write(char const*)
 .text._ZN5Print5printERK6String
                0x000052f8       0x10 C:\Users\bbsmi\AppData\Local\Temp\VMBuilds\Yamura_Logger\SparkFun_sparkfun_samd_RedBoard_Turbo\Release/core.a(Print.cpp.o)
                0x000052f8                Print::print(String const&)
 .text._ZN5Print5printEc
                0x00005308        0xa C:\Users\bbsmi\AppData\Local\Temp\VMBuilds\Yamura_Logger\SparkFun_sparkfun_samd_RedBoard_Turbo\Release/core.a(Print.cpp.o)
                0x00005308                Print::print(char)
 *fill*         0x00005312        0x2 
 .text._ZN5Print7printlnEv
                0x00005314       0x10 C:\Users\bbsmi\AppData\Local\Temp\VMBuilds\Yamura_Logger\SparkFun_sparkfun_samd_RedBoard_Turbo\Release/core.a(Print.cpp.o)
                0x00005314                Print::println()
 .text._ZN5Print7printlnEPK19__FlashStringHelper
                0x00005324       0x14 C:\Users\bbsmi\AppData\Local\Temp\VMBuilds\Yamura_Logger\SparkFun_sparkfun_samd_RedBoard_Turbo\Release/core.a(Print.cpp.o)
                0x00005324                Print::println(__FlashStringHelper const*)
 .text._ZN5Print7printlnERK6String
                0x00005338       0x14 C:\Users\bbsmi\AppData\Local\Temp\VMBuilds\Yamura_Logger\SparkFun_sparkfun_samd_RedBoard_Turbo\Release/core.a(Print.cpp.o)
                0x00005338                Print::println(String const&)
 .text._ZN5Print7printlnEPKc
                0x0000534c       0x14 C:\Users\bbsmi\AppData\Local\Temp\VMBuilds\Yamura_Logger\SparkFun_sparkfun_samd_RedBoard_Turbo\Release/core.a(Print.cpp.o)
                0x0000534c                Print::println(char const*)
 .text.initiateReset
                0x00005360        0xc C:\Users\bbsmi\AppData\Local\Temp\VMBuilds\Yamura_Logger\SparkFun_sparkfun_samd_RedBoard_Turbo\Release/core.a(Reset.cpp.o)
                0x00005360                initiateReset
 .text.cancelReset
                0x0000536c       0x10 C:\Users\bbsmi\AppData\Local\Temp\VMBuilds\Yamura_Logger\SparkFun_sparkfun_samd_RedBoard_Turbo\Release/core.a(Reset.cpp.o)
                0x0000536c                cancelReset
 .text.tickReset
                0x0000537c       0x60 C:\Users\bbsmi\AppData\Local\Temp\VMBuilds\Yamura_Logger\SparkFun_sparkfun_samd_RedBoard_Turbo\Release/core.a(Reset.cpp.o)
                0x0000537c                tickReset
 .text._ZN6SERCOMC2EP6Sercom
                0x000053dc        0x4 C:\Users\bbsmi\AppData\Local\Temp\VMBuilds\Yamura_Logger\SparkFun_sparkfun_samd_RedBoard_Turbo\Release/core.a(SERCOM.cpp.o)
                0x000053dc                SERCOM::SERCOM(Sercom*)
                0x000053dc                SERCOM::SERCOM(Sercom*)
 .text._ZN6SERCOM9initFrameE18SercomUartCharSize15SercomDataOrder16SercomParityMode19SercomNumberStopBit
                0x000053e0       0x38 C:\Users\bbsmi\AppData\Local\Temp\VMBuilds\Yamura_Logger\SparkFun_sparkfun_samd_RedBoard_Turbo\Release/core.a(SERCOM.cpp.o)
                0x000053e0                SERCOM::initFrame(SercomUartCharSize, SercomDataOrder, SercomParityMode, SercomNumberStopBit)
 .text._ZN6SERCOM8initPadsE15SercomUartTXPad11SercomRXPad
                0x00005418       0x26 C:\Users\bbsmi\AppData\Local\Temp\VMBuilds\Yamura_Logger\SparkFun_sparkfun_samd_RedBoard_Turbo\Release/core.a(SERCOM.cpp.o)
                0x00005418                SERCOM::initPads(SercomUartTXPad, SercomRXPad)
 .text._ZN6SERCOM9resetUARTEv
                0x0000543e       0x1c C:\Users\bbsmi\AppData\Local\Temp\VMBuilds\Yamura_Logger\SparkFun_sparkfun_samd_RedBoard_Turbo\Release/core.a(SERCOM.cpp.o)
                0x0000543e                SERCOM::resetUART()
 .text._ZN6SERCOM10enableUARTEv
                0x0000545a       0x14 C:\Users\bbsmi\AppData\Local\Temp\VMBuilds\Yamura_Logger\SparkFun_sparkfun_samd_RedBoard_Turbo\Release/core.a(SERCOM.cpp.o)
                0x0000545a                SERCOM::enableUART()
 .text._ZN6SERCOM9flushUARTEv
                0x0000546e       0x10 C:\Users\bbsmi\AppData\Local\Temp\VMBuilds\Yamura_Logger\SparkFun_sparkfun_samd_RedBoard_Turbo\Release/core.a(SERCOM.cpp.o)
                0x0000546e                SERCOM::flushUART()
 .text._ZN6SERCOM15clearStatusUARTEv
                0x0000547e        0x8 C:\Users\bbsmi\AppData\Local\Temp\VMBuilds\Yamura_Logger\SparkFun_sparkfun_samd_RedBoard_Turbo\Release/core.a(SERCOM.cpp.o)
                0x0000547e                SERCOM::clearStatusUART()
 .text._ZN6SERCOM17availableDataUARTEv
                0x00005486        0xa C:\Users\bbsmi\AppData\Local\Temp\VMBuilds\Yamura_Logger\SparkFun_sparkfun_samd_RedBoard_Turbo\Release/core.a(SERCOM.cpp.o)
                0x00005486                SERCOM::availableDataUART()
 .text._ZN6SERCOM11isUARTErrorEv
                0x00005490        0x8 C:\Users\bbsmi\AppData\Local\Temp\VMBuilds\Yamura_Logger\SparkFun_sparkfun_samd_RedBoard_Turbo\Release/core.a(SERCOM.cpp.o)
                0x00005490                SERCOM::isUARTError()
 .text._ZN6SERCOM20acknowledgeUARTErrorEv
                0x00005498        0xe C:\Users\bbsmi\AppData\Local\Temp\VMBuilds\Yamura_Logger\SparkFun_sparkfun_samd_RedBoard_Turbo\Release/core.a(SERCOM.cpp.o)
                0x00005498                SERCOM::acknowledgeUARTError()
 .text._ZN6SERCOM23isDataRegisterEmptyUARTEv
                0x000054a6        0xa C:\Users\bbsmi\AppData\Local\Temp\VMBuilds\Yamura_Logger\SparkFun_sparkfun_samd_RedBoard_Turbo\Release/core.a(SERCOM.cpp.o)
                0x000054a6                SERCOM::isDataRegisterEmptyUART()
 .text._ZN6SERCOM12readDataUARTEv
                0x000054b0        0x8 C:\Users\bbsmi\AppData\Local\Temp\VMBuilds\Yamura_Logger\SparkFun_sparkfun_samd_RedBoard_Turbo\Release/core.a(SERCOM.cpp.o)
                0x000054b0                SERCOM::readDataUART()
 .text._ZN6SERCOM13writeDataUARTEh
                0x000054b8        0xe C:\Users\bbsmi\AppData\Local\Temp\VMBuilds\Yamura_Logger\SparkFun_sparkfun_samd_RedBoard_Turbo\Release/core.a(SERCOM.cpp.o)
                0x000054b8                SERCOM::writeDataUART(unsigned char)
 .text._ZN6SERCOM36enableDataRegisterEmptyInterruptUARTEv
                0x000054c6        0x8 C:\Users\bbsmi\AppData\Local\Temp\VMBuilds\Yamura_Logger\SparkFun_sparkfun_samd_RedBoard_Turbo\Release/core.a(SERCOM.cpp.o)
                0x000054c6                SERCOM::enableDataRegisterEmptyInterruptUART()
 .text._ZN6SERCOM37disableDataRegisterEmptyInterruptUARTEv
                0x000054ce        0x8 C:\Users\bbsmi\AppData\Local\Temp\VMBuilds\Yamura_Logger\SparkFun_sparkfun_samd_RedBoard_Turbo\Release/core.a(SERCOM.cpp.o)
                0x000054ce                SERCOM::disableDataRegisterEmptyInterruptUART()
 *fill*         0x000054d6        0x2 
 .text._ZN6SERCOM12initSPIClockE18SercomSpiClockModem
                0x000054d8       0x30 C:\Users\bbsmi\AppData\Local\Temp\VMBuilds\Yamura_Logger\SparkFun_sparkfun_samd_RedBoard_Turbo\Release/core.a(SERCOM.cpp.o)
                0x000054d8                SERCOM::initSPIClock(SercomSpiClockMode, unsigned long)
 .text._ZN6SERCOM8resetSPIEv
                0x00005508       0x1c C:\Users\bbsmi\AppData\Local\Temp\VMBuilds\Yamura_Logger\SparkFun_sparkfun_samd_RedBoard_Turbo\Release/core.a(SERCOM.cpp.o)
                0x00005508                SERCOM::resetSPI()
 .text._ZN6SERCOM9enableSPIEv
                0x00005524       0x14 C:\Users\bbsmi\AppData\Local\Temp\VMBuilds\Yamura_Logger\SparkFun_sparkfun_samd_RedBoard_Turbo\Release/core.a(SERCOM.cpp.o)
                0x00005524                SERCOM::enableSPI()
 .text._ZN6SERCOM10disableSPIEv
                0x00005538       0x12 C:\Users\bbsmi\AppData\Local\Temp\VMBuilds\Yamura_Logger\SparkFun_sparkfun_samd_RedBoard_Turbo\Release/core.a(SERCOM.cpp.o)
                0x00005538                SERCOM::disableSPI()
 .text._ZN6SERCOM15transferDataSPIEh
                0x0000554a       0x1a C:\Users\bbsmi\AppData\Local\Temp\VMBuilds\Yamura_Logger\SparkFun_sparkfun_samd_RedBoard_Turbo\Release/core.a(SERCOM.cpp.o)
                0x0000554a                SERCOM::transferDataSPI(unsigned char)
 .text._ZN6SERCOM9resetWIREEv
                0x00005564       0x1c C:\Users\bbsmi\AppData\Local\Temp\VMBuilds\Yamura_Logger\SparkFun_sparkfun_samd_RedBoard_Turbo\Release/core.a(SERCOM.cpp.o)
                0x00005564                SERCOM::resetWIRE()
 .text._ZN6SERCOM10enableWIREEv
                0x00005580       0x28 C:\Users\bbsmi\AppData\Local\Temp\VMBuilds\Yamura_Logger\SparkFun_sparkfun_samd_RedBoard_Turbo\Release/core.a(SERCOM.cpp.o)
                0x00005580                SERCOM::enableWIRE()
 .text._ZN6SERCOM11disableWIREEv
                0x000055a8       0x14 C:\Users\bbsmi\AppData\Local\Temp\VMBuilds\Yamura_Logger\SparkFun_sparkfun_samd_RedBoard_Turbo\Release/core.a(SERCOM.cpp.o)
                0x000055a8                SERCOM::disableWIRE()
 .text._ZN6SERCOM18prepareNackBitWIREEv
                0x000055bc       0x10 C:\Users\bbsmi\AppData\Local\Temp\VMBuilds\Yamura_Logger\SparkFun_sparkfun_samd_RedBoard_Turbo\Release/core.a(SERCOM.cpp.o)
                0x000055bc                SERCOM::prepareNackBitWIRE()
 .text._ZN6SERCOM17prepareAckBitWIREEv
                0x000055cc       0x14 C:\Users\bbsmi\AppData\Local\Temp\VMBuilds\Yamura_Logger\SparkFun_sparkfun_samd_RedBoard_Turbo\Release/core.a(SERCOM.cpp.o)
                0x000055cc                SERCOM::prepareAckBitWIRE()
 .text._ZN6SERCOM22prepareCommandBitsWireEh
                0x000055e0       0x2c C:\Users\bbsmi\AppData\Local\Temp\VMBuilds\Yamura_Logger\SparkFun_sparkfun_samd_RedBoard_Turbo\Release/core.a(SERCOM.cpp.o)
                0x000055e0                SERCOM::prepareCommandBitsWire(unsigned char)
 .text._ZN6SERCOM21startTransmissionWIREEh23SercomWireReadWriteFlag
                0x0000560c       0x5e C:\Users\bbsmi\AppData\Local\Temp\VMBuilds\Yamura_Logger\SparkFun_sparkfun_samd_RedBoard_Turbo\Release/core.a(SERCOM.cpp.o)
                0x0000560c                SERCOM::startTransmissionWIRE(unsigned char, SercomWireReadWriteFlag)
 .text._ZN6SERCOM18sendDataMasterWIREEh
                0x0000566a       0x22 C:\Users\bbsmi\AppData\Local\Temp\VMBuilds\Yamura_Logger\SparkFun_sparkfun_samd_RedBoard_Turbo\Release/core.a(SERCOM.cpp.o)
                0x0000566a                SERCOM::sendDataMasterWIRE(unsigned char)
 .text._ZN6SERCOM17sendDataSlaveWIREEh
                0x0000568c       0x1a C:\Users\bbsmi\AppData\Local\Temp\VMBuilds\Yamura_Logger\SparkFun_sparkfun_samd_RedBoard_Turbo\Release/core.a(SERCOM.cpp.o)
                0x0000568c                SERCOM::sendDataSlaveWIRE(unsigned char)
 .text._ZN6SERCOM11isSlaveWIREEv
                0x000056a6       0x12 C:\Users\bbsmi\AppData\Local\Temp\VMBuilds\Yamura_Logger\SparkFun_sparkfun_samd_RedBoard_Turbo\Release/core.a(SERCOM.cpp.o)
                0x000056a6                SERCOM::isSlaveWIRE()
 .text._ZN6SERCOM15isDataReadyWIREEv
                0x000056b8        0xa C:\Users\bbsmi\AppData\Local\Temp\VMBuilds\Yamura_Logger\SparkFun_sparkfun_samd_RedBoard_Turbo\Release/core.a(SERCOM.cpp.o)
                0x000056b8                SERCOM::isDataReadyWIRE()
 .text._ZN6SERCOM18isStopDetectedWIREEv
                0x000056c2        0xa C:\Users\bbsmi\AppData\Local\Temp\VMBuilds\Yamura_Logger\SparkFun_sparkfun_samd_RedBoard_Turbo\Release/core.a(SERCOM.cpp.o)
                0x000056c2                SERCOM::isStopDetectedWIRE()
 .text._ZN6SERCOM21isRestartDetectedWIREEv
                0x000056cc        0xa C:\Users\bbsmi\AppData\Local\Temp\VMBuilds\Yamura_Logger\SparkFun_sparkfun_samd_RedBoard_Turbo\Release/core.a(SERCOM.cpp.o)
                0x000056cc                SERCOM::isRestartDetectedWIRE()
 .text._ZN6SERCOM14isAddressMatchEv
                0x000056d6        0xa C:\Users\bbsmi\AppData\Local\Temp\VMBuilds\Yamura_Logger\SparkFun_sparkfun_samd_RedBoard_Turbo\Release/core.a(SERCOM.cpp.o)
                0x000056d6                SERCOM::isAddressMatch()
 .text._ZN6SERCOM25isMasterReadOperationWIREEv
                0x000056e0        0xa C:\Users\bbsmi\AppData\Local\Temp\VMBuilds\Yamura_Logger\SparkFun_sparkfun_samd_RedBoard_Turbo\Release/core.a(SERCOM.cpp.o)
                0x000056e0                SERCOM::isMasterReadOperationWIRE()
 .text._ZN6SERCOM12readDataWIREEv
                0x000056ea       0x1a C:\Users\bbsmi\AppData\Local\Temp\VMBuilds\Yamura_Logger\SparkFun_sparkfun_samd_RedBoard_Turbo\Release/core.a(SERCOM.cpp.o)
                0x000056ea                SERCOM::readDataWIRE()
 .text._ZN6SERCOM13initClockNVICEv
                0x00005704       0xac C:\Users\bbsmi\AppData\Local\Temp\VMBuilds\Yamura_Logger\SparkFun_sparkfun_samd_RedBoard_Turbo\Release/core.a(SERCOM.cpp.o)
                0x00005704                SERCOM::initClockNVIC()
 .text._ZN6SERCOM8initUARTE14SercomUartMode20SercomUartSampleRatem
                0x000057b0       0x6c C:\Users\bbsmi\AppData\Local\Temp\VMBuilds\Yamura_Logger\SparkFun_sparkfun_samd_RedBoard_Turbo\Release/core.a(SERCOM.cpp.o)
                0x000057b0                SERCOM::initUART(SercomUartMode, SercomUartSampleRate, unsigned long)
 .text._ZN6SERCOM7initSPIE14SercomSpiTXPad11SercomRXPad17SercomSpiCharSize15SercomDataOrder
                0x0000581c       0x48 C:\Users\bbsmi\AppData\Local\Temp\VMBuilds\Yamura_Logger\SparkFun_sparkfun_samd_RedBoard_Turbo\Release/core.a(SERCOM.cpp.o)
                0x0000581c                SERCOM::initSPI(SercomSpiTXPad, SercomRXPad, SercomSpiCharSize, SercomDataOrder)
 .text._ZN6SERCOM14initMasterWIREEm
                0x00005864       0x54 C:\Users\bbsmi\AppData\Local\Temp\VMBuilds\Yamura_Logger\SparkFun_sparkfun_samd_RedBoard_Turbo\Release/core.a(SERCOM.cpp.o)
                0x00005864                SERCOM::initMasterWIRE(unsigned long)
 .text._ZN4UartcvbEv
                0x000058b8        0x4 C:\Users\bbsmi\AppData\Local\Temp\VMBuilds\Yamura_Logger\SparkFun_sparkfun_samd_RedBoard_Turbo\Release/core.a(Uart.cpp.o)
                0x000058b8                Uart::operator bool()
 .text._ZN4Uart5beginEm
                0x000058bc       0x10 C:\Users\bbsmi\AppData\Local\Temp\VMBuilds\Yamura_Logger\SparkFun_sparkfun_samd_RedBoard_Turbo\Release/core.a(Uart.cpp.o)
                0x000058bc                Uart::begin(unsigned long)
 .text._ZN4Uart4peekEv
                0x000058cc       0x16 C:\Users\bbsmi\AppData\Local\Temp\VMBuilds\Yamura_Logger\SparkFun_sparkfun_samd_RedBoard_Turbo\Release/core.a(Uart.cpp.o)
                0x000058cc                Uart::peek()
 .text._ZN4Uart3endEv
                0x000058e2       0x1c C:\Users\bbsmi\AppData\Local\Temp\VMBuilds\Yamura_Logger\SparkFun_sparkfun_samd_RedBoard_Turbo\Release/core.a(Uart.cpp.o)
                0x000058e2                Uart::end()
 *fill*         0x000058fe        0x2 
 .text._ZN4UartC2EP6SERCOMhh11SercomRXPad15SercomUartTXPadhh
                0x00005900       0x7c C:\Users\bbsmi\AppData\Local\Temp\VMBuilds\Yamura_Logger\SparkFun_sparkfun_samd_RedBoard_Turbo\Release/core.a(Uart.cpp.o)
                0x00005900                Uart::Uart(SERCOM*, unsigned char, unsigned char, SercomRXPad, SercomUartTXPad, unsigned char, unsigned char)
                0x00005900                Uart::Uart(SERCOM*, unsigned char, unsigned char, SercomRXPad, SercomUartTXPad, unsigned char, unsigned char)
 .text._ZN4UartC2EP6SERCOMhh11SercomRXPad15SercomUartTXPad
                0x0000597c       0x24 C:\Users\bbsmi\AppData\Local\Temp\VMBuilds\Yamura_Logger\SparkFun_sparkfun_samd_RedBoard_Turbo\Release/core.a(Uart.cpp.o)
                0x0000597c                Uart::Uart(SERCOM*, unsigned char, unsigned char, SercomRXPad, SercomUartTXPad)
                0x0000597c                Uart::Uart(SERCOM*, unsigned char, unsigned char, SercomRXPad, SercomUartTXPad)
 .text._ZN4Uart16extractNbStopBitEt
                0x000059a0        0xe C:\Users\bbsmi\AppData\Local\Temp\VMBuilds\Yamura_Logger\SparkFun_sparkfun_samd_RedBoard_Turbo\Release/core.a(Uart.cpp.o)
                0x000059a0                Uart::extractNbStopBit(unsigned short)
 .text._ZN4Uart15extractCharSizeEt
                0x000059ae       0x2c C:\Users\bbsmi\AppData\Local\Temp\VMBuilds\Yamura_Logger\SparkFun_sparkfun_samd_RedBoard_Turbo\Release/core.a(Uart.cpp.o)
                0x000059ae                Uart::extractCharSize(unsigned short)
 .text._ZN4Uart13extractParityEt
                0x000059da       0x18 C:\Users\bbsmi\AppData\Local\Temp\VMBuilds\Yamura_Logger\SparkFun_sparkfun_samd_RedBoard_Turbo\Release/core.a(Uart.cpp.o)
                0x000059da                Uart::extractParity(unsigned short)
 *fill*         0x000059f2        0x2 
 .text._ZN4Uart5beginEmt
                0x000059f4       0xf4 C:\Users\bbsmi\AppData\Local\Temp\VMBuilds\Yamura_Logger\SparkFun_sparkfun_samd_RedBoard_Turbo\Release/core.a(Uart.cpp.o)
                0x000059f4                Uart::begin(unsigned long, unsigned short)
 .text._ZN11RingBufferNILi64EE9availableEv
                0x00005ae8        0xc C:\Users\bbsmi\AppData\Local\Temp\VMBuilds\Yamura_Logger\SparkFun_sparkfun_samd_RedBoard_Turbo\Release/core.a(Uart.cpp.o)
                0x00005ae8                RingBufferN<64>::available()
 .text._ZN4Uart5flushEv
                0x00005af4       0x18 C:\Users\bbsmi\AppData\Local\Temp\VMBuilds\Yamura_Logger\SparkFun_sparkfun_samd_RedBoard_Turbo\Release/core.a(Uart.cpp.o)
                0x00005af4                Uart::flush()
 .text._ZN4Uart9availableEv
                0x00005b0c        0xa C:\Users\bbsmi\AppData\Local\Temp\VMBuilds\Yamura_Logger\SparkFun_sparkfun_samd_RedBoard_Turbo\Release/core.a(Uart.cpp.o)
                0x00005b0c                Uart::available()
 .text._ZN11RingBufferNILi64EE17availableForStoreEv
                0x00005b16       0x1c C:\Users\bbsmi\AppData\Local\Temp\VMBuilds\Yamura_Logger\SparkFun_sparkfun_samd_RedBoard_Turbo\Release/core.a(Uart.cpp.o)
                0x00005b16                RingBufferN<64>::availableForStore()
 .text._ZN4Uart17availableForWriteEv
                0x00005b32        0xa C:\Users\bbsmi\AppData\Local\Temp\VMBuilds\Yamura_Logger\SparkFun_sparkfun_samd_RedBoard_Turbo\Release/core.a(Uart.cpp.o)
                0x00005b32                Uart::availableForWrite()
 .text._ZN4Uart10IrqHandlerEv
                0x00005b3c       0xb2 C:\Users\bbsmi\AppData\Local\Temp\VMBuilds\Yamura_Logger\SparkFun_sparkfun_samd_RedBoard_Turbo\Release/core.a(Uart.cpp.o)
                0x00005b3c                Uart::IrqHandler()
 *fill*         0x00005bee        0x2 
 .text._ZN4Uart5writeEh
                0x00005bf0       0xb8 C:\Users\bbsmi\AppData\Local\Temp\VMBuilds\Yamura_Logger\SparkFun_sparkfun_samd_RedBoard_Turbo\Release/core.a(Uart.cpp.o)
                0x00005bf0                Uart::write(unsigned char)
 .text._ZN4Uart4readEv
                0x00005ca8       0x48 C:\Users\bbsmi\AppData\Local\Temp\VMBuilds\Yamura_Logger\SparkFun_sparkfun_samd_RedBoard_Turbo\Release/core.a(Uart.cpp.o)
                0x00005ca8                Uart::read()
 .text._ZN6StringD2Ev
                0x00005cf0        0xe C:\Users\bbsmi\AppData\Local\Temp\VMBuilds\Yamura_Logger\SparkFun_sparkfun_samd_RedBoard_Turbo\Release/core.a(WString.cpp.o)
                0x00005cf0                String::~String()
                0x00005cf0                String::~String()
 .text._ZN6String10invalidateEv
                0x00005cfe       0x18 C:\Users\bbsmi\AppData\Local\Temp\VMBuilds\Yamura_Logger\SparkFun_sparkfun_samd_RedBoard_Turbo\Release/core.a(WString.cpp.o)
                0x00005cfe                String::invalidate()
 .text._ZN6String12changeBufferEj
                0x00005d16       0x18 C:\Users\bbsmi\AppData\Local\Temp\VMBuilds\Yamura_Logger\SparkFun_sparkfun_samd_RedBoard_Turbo\Release/core.a(WString.cpp.o)
                0x00005d16                String::changeBuffer(unsigned int)
 .text._ZN6String7reserveEj
                0x00005d2e       0x28 C:\Users\bbsmi\AppData\Local\Temp\VMBuilds\Yamura_Logger\SparkFun_sparkfun_samd_RedBoard_Turbo\Release/core.a(WString.cpp.o)
                0x00005d2e                String::reserve(unsigned int)
 .text._ZN6String4copyEPKcj
                0x00005d56       0x28 C:\Users\bbsmi\AppData\Local\Temp\VMBuilds\Yamura_Logger\SparkFun_sparkfun_samd_RedBoard_Turbo\Release/core.a(WString.cpp.o)
                0x00005d56                String::copy(char const*, unsigned int)
 .text._ZN6StringC2EPKc
                0x00005d7e       0x26 C:\Users\bbsmi\AppData\Local\Temp\VMBuilds\Yamura_Logger\SparkFun_sparkfun_samd_RedBoard_Turbo\Release/core.a(WString.cpp.o)
                0x00005d7e                String::String(char const*)
                0x00005d7e                String::String(char const*)
 .text._ZN6StringaSERKS_
                0x00005da4       0x20 C:\Users\bbsmi\AppData\Local\Temp\VMBuilds\Yamura_Logger\SparkFun_sparkfun_samd_RedBoard_Turbo\Release/core.a(WString.cpp.o)
                0x00005da4                String::operator=(String const&)
 .text._ZN6StringC2ERKS_
                0x00005dc4       0x14 C:\Users\bbsmi\AppData\Local\Temp\VMBuilds\Yamura_Logger\SparkFun_sparkfun_samd_RedBoard_Turbo\Release/core.a(WString.cpp.o)
                0x00005dc4                String::String(String const&)
                0x00005dc4                String::String(String const&)
 .text._ZN6StringaSEPKc
                0x00005dd8       0x22 C:\Users\bbsmi\AppData\Local\Temp\VMBuilds\Yamura_Logger\SparkFun_sparkfun_samd_RedBoard_Turbo\Release/core.a(WString.cpp.o)
                0x00005dd8                String::operator=(char const*)
 .text._ZN6StringC2Ehh
                0x00005dfa       0x22 C:\Users\bbsmi\AppData\Local\Temp\VMBuilds\Yamura_Logger\SparkFun_sparkfun_samd_RedBoard_Turbo\Release/core.a(WString.cpp.o)
                0x00005dfa                String::String(unsigned char, unsigned char)
                0x00005dfa                String::String(unsigned char, unsigned char)
 .text._ZN6StringC2Eih
                0x00005e1c       0x24 C:\Users\bbsmi\AppData\Local\Temp\VMBuilds\Yamura_Logger\SparkFun_sparkfun_samd_RedBoard_Turbo\Release/core.a(WString.cpp.o)
                0x00005e1c                String::String(int, unsigned char)
                0x00005e1c                String::String(int, unsigned char)
 .text._ZN6String6concatEPKcj
                0x00005e40       0x32 C:\Users\bbsmi\AppData\Local\Temp\VMBuilds\Yamura_Logger\SparkFun_sparkfun_samd_RedBoard_Turbo\Release/core.a(WString.cpp.o)
                0x00005e40                String::concat(char const*, unsigned int)
 .text._ZN6String6concatERKS_
                0x00005e72        0xe C:\Users\bbsmi\AppData\Local\Temp\VMBuilds\Yamura_Logger\SparkFun_sparkfun_samd_RedBoard_Turbo\Release/core.a(WString.cpp.o)
                0x00005e72                String::concat(String const&)
 .text._ZN6String6concatEPKc
                0x00005e80       0x1a C:\Users\bbsmi\AppData\Local\Temp\VMBuilds\Yamura_Logger\SparkFun_sparkfun_samd_RedBoard_Turbo\Release/core.a(WString.cpp.o)
                0x00005e80                String::concat(char const*)
 .text._ZN6String6concatEc
                0x00005e9a       0x14 C:\Users\bbsmi\AppData\Local\Temp\VMBuilds\Yamura_Logger\SparkFun_sparkfun_samd_RedBoard_Turbo\Release/core.a(WString.cpp.o)
                0x00005e9a                String::concat(char)
 .text._ZN6String6concatEi
                0x00005eae       0x22 C:\Users\bbsmi\AppData\Local\Temp\VMBuilds\Yamura_Logger\SparkFun_sparkfun_samd_RedBoard_Turbo\Release/core.a(WString.cpp.o)
                0x00005eae                String::concat(int)
 .text._ZplRK15StringSumHelperRK6String
                0x00005ed0       0x1c C:\Users\bbsmi\AppData\Local\Temp\VMBuilds\Yamura_Logger\SparkFun_sparkfun_samd_RedBoard_Turbo\Release/core.a(WString.cpp.o)
                0x00005ed0                operator+(StringSumHelper const&, String const&)
 .text._ZNK6String8endsWithERKS_
                0x00005eec       0x2a C:\Users\bbsmi\AppData\Local\Temp\VMBuilds\Yamura_Logger\SparkFun_sparkfun_samd_RedBoard_Turbo\Release/core.a(WString.cpp.o)
                0x00005eec                String::endsWith(String const&) const
 *fill*         0x00005f16        0x2 
 .text._ZN6StringixEj
                0x00005f18       0x1c C:\Users\bbsmi\AppData\Local\Temp\VMBuilds\Yamura_Logger\SparkFun_sparkfun_samd_RedBoard_Turbo\Release/core.a(WString.cpp.o)
                0x00005f18                String::operator[](unsigned int)
 .text._ZN7Serial_17availableForWriteEv
                0x00005f34        0x4 C:\Users\bbsmi\AppData\Local\Temp\VMBuilds\Yamura_Logger\SparkFun_sparkfun_samd_RedBoard_Turbo\Release/core.a(CDC.cpp.o)
                0x00005f34                Serial_::availableForWrite()
 .text._ZN7Serial_5writeEh
                0x00005f38       0x14 C:\Users\bbsmi\AppData\Local\Temp\VMBuilds\Yamura_Logger\SparkFun_sparkfun_samd_RedBoard_Turbo\Release/core.a(CDC.cpp.o)
                0x00005f38                Serial_::write(unsigned char)
 .text._ZN7Serial_9availableEv
                0x00005f4c        0xc C:\Users\bbsmi\AppData\Local\Temp\VMBuilds\Yamura_Logger\SparkFun_sparkfun_samd_RedBoard_Turbo\Release/core.a(CDC.cpp.o)
                0x00005f4c                Serial_::available()
 .text._ZN7Serial_5flushEv
                0x00005f58        0xc C:\Users\bbsmi\AppData\Local\Temp\VMBuilds\Yamura_Logger\SparkFun_sparkfun_samd_RedBoard_Turbo\Release/core.a(CDC.cpp.o)
                0x00005f58                Serial_::flush()
 .text._ZN7Serial_5writeEPKhj
                0x00005f64       0x1c C:\Users\bbsmi\AppData\Local\Temp\VMBuilds\Yamura_Logger\SparkFun_sparkfun_samd_RedBoard_Turbo\Release/core.a(CDC.cpp.o)
                0x00005f64                Serial_::write(unsigned char const*, unsigned int)
 .text._ZN7Serial_4peekEv
                0x00005f80       0x1c C:\Users\bbsmi\AppData\Local\Temp\VMBuilds\Yamura_Logger\SparkFun_sparkfun_samd_RedBoard_Turbo\Release/core.a(CDC.cpp.o)
                0x00005f80                Serial_::peek()
 .text._ZN7Serial_4readEv
                0x00005f9c       0x24 C:\Users\bbsmi\AppData\Local\Temp\VMBuilds\Yamura_Logger\SparkFun_sparkfun_samd_RedBoard_Turbo\Release/core.a(CDC.cpp.o)
                0x00005f9c                Serial_::read()
 .text._Z16CDC_GetInterfacePh
                0x00005fc0       0x1c C:\Users\bbsmi\AppData\Local\Temp\VMBuilds\Yamura_Logger\SparkFun_sparkfun_samd_RedBoard_Turbo\Release/core.a(CDC.cpp.o)
                0x00005fc0                CDC_GetInterface(unsigned char*)
 .text._Z9CDC_SetupR8USBSetup
                0x00005fdc       0x80 C:\Users\bbsmi\AppData\Local\Temp\VMBuilds\Yamura_Logger\SparkFun_sparkfun_samd_RedBoard_Turbo\Release/core.a(CDC.cpp.o)
                0x00005fdc                CDC_Setup(USBSetup&)
 .text._ZN7Serial_5beginEm
                0x0000605c        0x2 C:\Users\bbsmi\AppData\Local\Temp\VMBuilds\Yamura_Logger\SparkFun_sparkfun_samd_RedBoard_Turbo\Release/core.a(CDC.cpp.o)
                0x0000605c                Serial_::begin(unsigned long)
 *fill*         0x0000605e        0x2 
 .text.startup._GLOBAL__sub_I__Z17_CDC_GetInterfacev
                0x00006060       0x28 C:\Users\bbsmi\AppData\Local\Temp\VMBuilds\Yamura_Logger\SparkFun_sparkfun_samd_RedBoard_Turbo\Release/core.a(CDC.cpp.o)
 .text._ZL5utox8mPc
                0x00006088       0x1c C:\Users\bbsmi\AppData\Local\Temp\VMBuilds\Yamura_Logger\SparkFun_sparkfun_samd_RedBoard_Turbo\Release/core.a(USBCore.cpp.o)
 .text._ZN14USBDeviceClass6initEPEmm.part.4
                0x000060a4       0xc8 C:\Users\bbsmi\AppData\Local\Temp\VMBuilds\Yamura_Logger\SparkFun_sparkfun_samd_RedBoard_Turbo\Release/core.a(USBCore.cpp.o)
 .text._ZN20USBDevice_SAMD21G18x5resetEv
                0x0000616c       0x28 C:\Users\bbsmi\AppData\Local\Temp\VMBuilds\Yamura_Logger\SparkFun_sparkfun_samd_RedBoard_Turbo\Release/core.a(USBCore.cpp.o)
                0x0000616c                USBDevice_SAMD21G18x::reset()
 .text._ZN20USBDevice_SAMD21G18x9calibrateEv
                0x00006194       0x5c C:\Users\bbsmi\AppData\Local\Temp\VMBuilds\Yamura_Logger\SparkFun_sparkfun_samd_RedBoard_Turbo\Release/core.a(USBCore.cpp.o)
                0x00006194                USBDevice_SAMD21G18x::calibrate()
 .text._ZN7__GuardC2Ev
                0x000061f0        0xe C:\Users\bbsmi\AppData\Local\Temp\VMBuilds\Yamura_Logger\SparkFun_sparkfun_samd_RedBoard_Turbo\Release/core.a(USBCore.cpp.o)
                0x000061f0                __Guard::__Guard()
                0x000061f0                __Guard::__Guard()
 .text._ZN7__GuardD2Ev
                0x000061fe        0xe C:\Users\bbsmi\AppData\Local\Temp\VMBuilds\Yamura_Logger\SparkFun_sparkfun_samd_RedBoard_Turbo\Release/core.a(USBCore.cpp.o)
                0x000061fe                __Guard::~__Guard()
                0x000061fe                __Guard::~__Guard()
 .text._ZNK26DoubleBufferedEPOutHandler9availableEv
                0x0000620c       0x5e C:\Users\bbsmi\AppData\Local\Temp\VMBuilds\Yamura_Logger\SparkFun_sparkfun_samd_RedBoard_Turbo\Release/core.a(USBCore.cpp.o)
                0x0000620c                DoubleBufferedEPOutHandler::available() const
 *fill*         0x0000626a        0x2 
 .text._ZN26DoubleBufferedEPOutHandler7releaseEv
                0x0000626c       0x58 C:\Users\bbsmi\AppData\Local\Temp\VMBuilds\Yamura_Logger\SparkFun_sparkfun_samd_RedBoard_Turbo\Release/core.a(USBCore.cpp.o)
                0x0000626c                DoubleBufferedEPOutHandler::release()
 .text._ZN26DoubleBufferedEPOutHandler4recvEPvm
                0x000062c4      0x11c C:\Users\bbsmi\AppData\Local\Temp\VMBuilds\Yamura_Logger\SparkFun_sparkfun_samd_RedBoard_Turbo\Release/core.a(USBCore.cpp.o)
                0x000062c4                DoubleBufferedEPOutHandler::recv(void*, unsigned long)
 .text._ZN26DoubleBufferedEPOutHandler14handleEndpointEv
                0x000063e0       0xc8 C:\Users\bbsmi\AppData\Local\Temp\VMBuilds\Yamura_Logger\SparkFun_sparkfun_samd_RedBoard_Turbo\Release/core.a(USBCore.cpp.o)
                0x000063e0                DoubleBufferedEPOutHandler::handleEndpoint()
 .text._ZN14USBDeviceClass14SendInterfacesEPm
                0x000064a8       0x2c C:\Users\bbsmi\AppData\Local\Temp\VMBuilds\Yamura_Logger\SparkFun_sparkfun_samd_RedBoard_Turbo\Release/core.a(USBCore.cpp.o)
                0x000064a8                USBDeviceClass::SendInterfaces(unsigned long*)
 .text._ZN14USBDeviceClass14handleEndpointEh
                0x000064d4       0x40 C:\Users\bbsmi\AppData\Local\Temp\VMBuilds\Yamura_Logger\SparkFun_sparkfun_samd_RedBoard_Turbo\Release/core.a(USBCore.cpp.o)
                0x000064d4                USBDeviceClass::handleEndpoint(unsigned char)
 .text._ZN14USBDeviceClass4initEv
                0x00006514       0xf0 C:\Users\bbsmi\AppData\Local\Temp\VMBuilds\Yamura_Logger\SparkFun_sparkfun_samd_RedBoard_Turbo\Release/core.a(USBCore.cpp.o)
                0x00006514                USBDeviceClass::init()
 .text._ZN14USBDeviceClass6attachEv
                0x00006604       0x34 C:\Users\bbsmi\AppData\Local\Temp\VMBuilds\Yamura_Logger\SparkFun_sparkfun_samd_RedBoard_Turbo\Release/core.a(USBCore.cpp.o)
                0x00006604                USBDeviceClass::attach()
 .text._ZN14USBDeviceClass10setAddressEm
                0x00006638       0x48 C:\Users\bbsmi\AppData\Local\Temp\VMBuilds\Yamura_Logger\SparkFun_sparkfun_samd_RedBoard_Turbo\Release/core.a(USBCore.cpp.o)
                0x00006638                USBDeviceClass::setAddress(unsigned long)
 .text._ZN14USBDeviceClass25handleClassInterfaceSetupER8USBSetup
                0x00006680       0x40 C:\Users\bbsmi\AppData\Local\Temp\VMBuilds\Yamura_Logger\SparkFun_sparkfun_samd_RedBoard_Turbo\Release/core.a(USBCore.cpp.o)
                0x00006680                USBDeviceClass::handleClassInterfaceSetup(USBSetup&)
 .text._ZN14USBDeviceClass6initEPEmm
                0x000066c0       0xf4 C:\Users\bbsmi\AppData\Local\Temp\VMBuilds\Yamura_Logger\SparkFun_sparkfun_samd_RedBoard_Turbo\Release/core.a(USBCore.cpp.o)
                0x000066c0                USBDeviceClass::initEP(unsigned long, unsigned long)
 .text._ZN14USBDeviceClass13initEndpointsEv
                0x000067b4       0x24 C:\Users\bbsmi\AppData\Local\Temp\VMBuilds\Yamura_Logger\SparkFun_sparkfun_samd_RedBoard_Turbo\Release/core.a(USBCore.cpp.o)
                0x000067b4                USBDeviceClass::initEndpoints()
 .text._ZN14USBDeviceClass9availableEm
                0x000067d8       0x2c C:\Users\bbsmi\AppData\Local\Temp\VMBuilds\Yamura_Logger\SparkFun_sparkfun_samd_RedBoard_Turbo\Release/core.a(USBCore.cpp.o)
                0x000067d8                USBDeviceClass::available(unsigned long)
 .text._ZN14USBDeviceClass5flushEm
                0x00006804       0x2c C:\Users\bbsmi\AppData\Local\Temp\VMBuilds\Yamura_Logger\SparkFun_sparkfun_samd_RedBoard_Turbo\Release/core.a(USBCore.cpp.o)
                0x00006804                USBDeviceClass::flush(unsigned long)
 .text._ZN14USBDeviceClass14armRecvCtrlOUTEm
                0x00006830       0x60 C:\Users\bbsmi\AppData\Local\Temp\VMBuilds\Yamura_Logger\SparkFun_sparkfun_samd_RedBoard_Turbo\Release/core.a(USBCore.cpp.o)
                0x00006830                USBDeviceClass::armRecvCtrlOUT(unsigned long)
 .text._ZN14USBDeviceClass11recvControlEPvm
                0x00006890       0x3c C:\Users\bbsmi\AppData\Local\Temp\VMBuilds\Yamura_Logger\SparkFun_sparkfun_samd_RedBoard_Turbo\Release/core.a(USBCore.cpp.o)
                0x00006890                USBDeviceClass::recvControl(void*, unsigned long)
 .text._ZN14USBDeviceClass7armRecvEm
                0x000068cc       0x3c C:\Users\bbsmi\AppData\Local\Temp\VMBuilds\Yamura_Logger\SparkFun_sparkfun_samd_RedBoard_Turbo\Release/core.a(USBCore.cpp.o)
                0x000068cc                USBDeviceClass::armRecv(unsigned long)
 .text._ZN14USBDeviceClass4recvEmPvm
                0x00006908       0xd8 C:\Users\bbsmi\AppData\Local\Temp\VMBuilds\Yamura_Logger\SparkFun_sparkfun_samd_RedBoard_Turbo\Release/core.a(USBCore.cpp.o)
                0x00006908                USBDeviceClass::recv(unsigned long, void*, unsigned long)
 .text._ZN14USBDeviceClass4recvEm
                0x000069e0       0x1c C:\Users\bbsmi\AppData\Local\Temp\VMBuilds\Yamura_Logger\SparkFun_sparkfun_samd_RedBoard_Turbo\Release/core.a(USBCore.cpp.o)
                0x000069e0                USBDeviceClass::recv(unsigned long)
 .text._ZN14USBDeviceClass4sendEmPKvm
                0x000069fc      0x124 C:\Users\bbsmi\AppData\Local\Temp\VMBuilds\Yamura_Logger\SparkFun_sparkfun_samd_RedBoard_Turbo\Release/core.a(USBCore.cpp.o)
                0x000069fc                USBDeviceClass::send(unsigned long, void const*, unsigned long)
 .text._ZN14USBDeviceClass7armSendEmPKvm
                0x00006b20       0x48 C:\Users\bbsmi\AppData\Local\Temp\VMBuilds\Yamura_Logger\SparkFun_sparkfun_samd_RedBoard_Turbo\Release/core.a(USBCore.cpp.o)
                0x00006b20                USBDeviceClass::armSend(unsigned long, void const*, unsigned long)
 .text._ZN14USBDeviceClass11sendControlEPKvm
                0x00006b68       0x58 C:\Users\bbsmi\AppData\Local\Temp\VMBuilds\Yamura_Logger\SparkFun_sparkfun_samd_RedBoard_Turbo\Release/core.a(USBCore.cpp.o)
                0x00006b68                USBDeviceClass::sendControl(void const*, unsigned long)
 .text._ZN14USBDeviceClass20sendStringDescriptorEPKhh
                0x00006bc0       0x68 C:\Users\bbsmi\AppData\Local\Temp\VMBuilds\Yamura_Logger\SparkFun_sparkfun_samd_RedBoard_Turbo\Release/core.a(USBCore.cpp.o)
                0x00006bc0                USBDeviceClass::sendStringDescriptor(unsigned char const*, unsigned char)
 .text._ZN14USBDeviceClass12packMessagesEb.part.6
                0x00006c28       0x20 C:\Users\bbsmi\AppData\Local\Temp\VMBuilds\Yamura_Logger\SparkFun_sparkfun_samd_RedBoard_Turbo\Release/core.a(USBCore.cpp.o)
 .text._ZN14USBDeviceClass17sendConfigurationEm
                0x00006c48       0x90 C:\Users\bbsmi\AppData\Local\Temp\VMBuilds\Yamura_Logger\SparkFun_sparkfun_samd_RedBoard_Turbo\Release/core.a(USBCore.cpp.o)
                0x00006c48                USBDeviceClass::sendConfiguration(unsigned long)
 .text._ZN14USBDeviceClass14sendDescriptorER8USBSetup
                0x00006cd8       0xec C:\Users\bbsmi\AppData\Local\Temp\VMBuilds\Yamura_Logger\SparkFun_sparkfun_samd_RedBoard_Turbo\Release/core.a(USBCore.cpp.o)
                0x00006cd8                USBDeviceClass::sendDescriptor(USBSetup&)
 .text._ZN14USBDeviceClass19handleStandardSetupER8USBSetup
                0x00006dc4      0x118 C:\Users\bbsmi\AppData\Local\Temp\VMBuilds\Yamura_Logger\SparkFun_sparkfun_samd_RedBoard_Turbo\Release/core.a(USBCore.cpp.o)
                0x00006dc4                USBDeviceClass::handleStandardSetup(USBSetup&)
 .text._ZN14USBDeviceClass10ISRHandlerEv
                0x00006edc      0x150 C:\Users\bbsmi\AppData\Local\Temp\VMBuilds\Yamura_Logger\SparkFun_sparkfun_samd_RedBoard_Turbo\Release/core.a(USBCore.cpp.o)
                0x00006edc                USBDeviceClass::ISRHandler()
 .text.UDD_Handler
                0x0000702c       0x10 C:\Users\bbsmi\AppData\Local\Temp\VMBuilds\Yamura_Logger\SparkFun_sparkfun_samd_RedBoard_Turbo\Release/core.a(USBCore.cpp.o)
                0x0000702c                UDD_Handler
 .text.startup._GLOBAL__sub_I__ZN20USBDevice_SAMD21G18x5resetEv
                0x0000703c       0x10 C:\Users\bbsmi\AppData\Local\Temp\VMBuilds\Yamura_Logger\SparkFun_sparkfun_samd_RedBoard_Turbo\Release/core.a(USBCore.cpp.o)
 .text.ltoa     0x0000704c       0x8a C:\Users\bbsmi\AppData\Local\Temp\VMBuilds\Yamura_Logger\SparkFun_sparkfun_samd_RedBoard_Turbo\Release/core.a(itoa.c.o)
                0x0000704c                ltoa
 .text.itoa     0x000070d6        0x8 C:\Users\bbsmi\AppData\Local\Temp\VMBuilds\Yamura_Logger\SparkFun_sparkfun_samd_RedBoard_Turbo\Release/core.a(itoa.c.o)
                0x000070d6                itoa
 .text.ultoa    0x000070de       0x68 C:\Users\bbsmi\AppData\Local\Temp\VMBuilds\Yamura_Logger\SparkFun_sparkfun_samd_RedBoard_Turbo\Release/core.a(itoa.c.o)
                0x000070de                ultoa
 .text.utoa     0x00007146        0x8 C:\Users\bbsmi\AppData\Local\Temp\VMBuilds\Yamura_Logger\SparkFun_sparkfun_samd_RedBoard_Turbo\Release/core.a(itoa.c.o)
                0x00007146                utoa
 .text._Znwj    0x0000714e        0x8 C:\Users\bbsmi\AppData\Local\Temp\VMBuilds\Yamura_Logger\SparkFun_sparkfun_samd_RedBoard_Turbo\Release/core.a(new.cpp.o)
                0x0000714e                operator new(unsigned int)
 .text._ZN13PluggableUSB_12getInterfaceEPh
                0x00007156       0x2a C:\Users\bbsmi\AppData\Local\Temp\VMBuilds\Yamura_Logger\SparkFun_sparkfun_samd_RedBoard_Turbo\Release/core.a(PluggableUSB.cpp.o)
                0x00007156                PluggableUSB_::getInterface(unsigned char*)
 .text._ZN13PluggableUSB_13getDescriptorER8USBSetup
                0x00007180       0x20 C:\Users\bbsmi\AppData\Local\Temp\VMBuilds\Yamura_Logger\SparkFun_sparkfun_samd_RedBoard_Turbo\Release/core.a(PluggableUSB.cpp.o)
                0x00007180                PluggableUSB_::getDescriptor(USBSetup&)
 .text._ZN13PluggableUSB_12getShortNameEPc
                0x000071a0       0x1e C:\Users\bbsmi\AppData\Local\Temp\VMBuilds\Yamura_Logger\SparkFun_sparkfun_samd_RedBoard_Turbo\Release/core.a(PluggableUSB.cpp.o)
                0x000071a0                PluggableUSB_::getShortName(char*)
 .text._ZN13PluggableUSB_5setupER8USBSetup
                0x000071be       0x24 C:\Users\bbsmi\AppData\Local\Temp\VMBuilds\Yamura_Logger\SparkFun_sparkfun_samd_RedBoard_Turbo\Release/core.a(PluggableUSB.cpp.o)
                0x000071be                PluggableUSB_::setup(USBSetup&)
 *fill*         0x000071e2        0x2 
 .text._Z12PluggableUSBv
                0x000071e4       0x24 C:\Users\bbsmi\AppData\Local\Temp\VMBuilds\Yamura_Logger\SparkFun_sparkfun_samd_RedBoard_Turbo\Release/core.a(PluggableUSB.cpp.o)
                0x000071e4                PluggableUSB()
 .text          0x00007208       0x14 c:/users/bbsmi/appdata/local/arduino15/packages/arduino/tools/arm-none-eabi-gcc/4.8.3-2014q1/bin/../lib/gcc/arm-none-eabi/4.8.3/armv6-m\libgcc.a(_thumb1_case_uqi.o)
                0x00007208                __gnu_thumb1_case_uqi
 .text          0x0000721c       0x9c c:/users/bbsmi/appdata/local/arduino15/packages/arduino/tools/arm-none-eabi-gcc/4.8.3-2014q1/bin/../lib/gcc/arm-none-eabi/4.8.3/armv6-m\libgcc.a(_udivsi3.o)
                0x0000721c                __aeabi_uidiv
                0x0000721c                __udivsi3
                0x000072a4                __aeabi_uidivmod
 .text          0x000072b8        0x4 c:/users/bbsmi/appdata/local/arduino15/packages/arduino/tools/arm-none-eabi-gcc/4.8.3-2014q1/bin/../lib/gcc/arm-none-eabi/4.8.3/armv6-m\libgcc.a(_dvmd_tls.o)
                0x000072b8                __aeabi_idiv0
                0x000072b8                __aeabi_ldiv0
 .text          0x000072bc      0x254 c:/users/bbsmi/appdata/local/arduino15/packages/arduino/tools/arm-none-eabi-gcc/4.8.3-2014q1/bin/../lib/gcc/arm-none-eabi/4.8.3/armv6-m\libgcc.a(mulsf3.o)
                0x000072bc                __aeabi_fmul
 .text          0x00007510       0xb8 c:/users/bbsmi/appdata/local/arduino15/packages/arduino/tools/arm-none-eabi-gcc/4.8.3-2014q1/bin/../lib/gcc/arm-none-eabi/4.8.3/armv6-m\libgcc.a(floatsisf.o)
                0x00007510                __aeabi_i2f
 .text          0x000075c8       0xa0 c:/users/bbsmi/appdata/local/arduino15/packages/arduino/tools/arm-none-eabi-gcc/4.8.3-2014q1/bin/../lib/gcc/arm-none-eabi/4.8.3/armv6-m\libgcc.a(floatunsisf.o)
                0x000075c8                __aeabi_ui2f
 .text          0x00007668       0x3c c:/users/bbsmi/appdata/local/arduino15/packages/arduino/tools/arm-none-eabi-gcc/4.8.3-2014q1/bin/../lib/gcc/arm-none-eabi/4.8.3/armv6-m\libgcc.a(_clzsi2.o)
                0x00007668                __clzsi2
 .text.__aeabi_atexit
                0x000076a4        0xe c:/users/bbsmi/appdata/local/arduino15/packages/arduino/tools/arm-none-eabi-gcc/4.8.3-2014q1/bin/../lib/gcc/arm-none-eabi/4.8.3/../../../../arm-none-eabi/lib/armv6-m\libc_s.a(lib_a-aeabi_atexit.o)
                0x000076a4                __aeabi_atexit
 *fill*         0x000076b2        0x2 
 .text.__cxa_atexit
                0x000076b4       0x20 c:/users/bbsmi/appdata/local/arduino15/packages/arduino/tools/arm-none-eabi-gcc/4.8.3-2014q1/bin/../lib/gcc/arm-none-eabi/4.8.3/../../../../arm-none-eabi/lib/armv6-m\libc_s.a(lib_a-cxa_atexit.o)
                0x000076b4                __cxa_atexit
 .text.__libc_init_array
                0x000076d4       0x4c c:/users/bbsmi/appdata/local/arduino15/packages/arduino/tools/arm-none-eabi-gcc/4.8.3-2014q1/bin/../lib/gcc/arm-none-eabi/4.8.3/../../../../arm-none-eabi/lib/armv6-m\libc_s.a(lib_a-init.o)
                0x000076d4                __libc_init_array
 .text.malloc   0x00007720       0x14 c:/users/bbsmi/appdata/local/arduino15/packages/arduino/tools/arm-none-eabi-gcc/4.8.3-2014q1/bin/../lib/gcc/arm-none-eabi/4.8.3/../../../../arm-none-eabi/lib/armv6-m\libc_s.a(lib_a-malloc.o)
                0x00007720                malloc
 .text.free     0x00007734       0x14 c:/users/bbsmi/appdata/local/arduino15/packages/arduino/tools/arm-none-eabi-gcc/4.8.3-2014q1/bin/../lib/gcc/arm-none-eabi/4.8.3/../../../../arm-none-eabi/lib/armv6-m\libc_s.a(lib_a-malloc.o)
                0x00007734                free
 .text.memcmp   0x00007748       0x1e c:/users/bbsmi/appdata/local/arduino15/packages/arduino/tools/arm-none-eabi-gcc/4.8.3-2014q1/bin/../lib/gcc/arm-none-eabi/4.8.3/../../../../arm-none-eabi/lib/armv6-m\libc_s.a(lib_a-memcmp.o)
                0x00007748                memcmp
 .text.memcpy   0x00007766       0x12 c:/users/bbsmi/appdata/local/arduino15/packages/arduino/tools/arm-none-eabi-gcc/4.8.3-2014q1/bin/../lib/gcc/arm-none-eabi/4.8.3/../../../../arm-none-eabi/lib/armv6-m\libc_s.a(lib_a-memcpy-stub.o)
                0x00007766                memcpy
 .text.memset   0x00007778       0x10 c:/users/bbsmi/appdata/local/arduino15/packages/arduino/tools/arm-none-eabi-gcc/4.8.3-2014q1/bin/../lib/gcc/arm-none-eabi/4.8.3/../../../../arm-none-eabi/lib/armv6-m\libc_s.a(lib_a-memset.o)
                0x00007778                memset
 .text._free_r  0x00007788       0x90 c:/users/bbsmi/appdata/local/arduino15/packages/arduino/tools/arm-none-eabi-gcc/4.8.3-2014q1/bin/../lib/gcc/arm-none-eabi/4.8.3/../../../../arm-none-eabi/lib/armv6-m\libc_s.a(lib_a-nano-freer.o)
                0x00007788                _free_r
 .text._malloc_r
                0x00007818       0xa8 c:/users/bbsmi/appdata/local/arduino15/packages/arduino/tools/arm-none-eabi-gcc/4.8.3-2014q1/bin/../lib/gcc/arm-none-eabi/4.8.3/../../../../arm-none-eabi/lib/armv6-m\libc_s.a(lib_a-nano-mallocr.o)
                0x00007818                _malloc_r
 .text.realloc  0x000078c0       0x18 c:/users/bbsmi/appdata/local/arduino15/packages/arduino/tools/arm-none-eabi-gcc/4.8.3-2014q1/bin/../lib/gcc/arm-none-eabi/4.8.3/../../../../arm-none-eabi/lib/armv6-m\libc_s.a(lib_a-realloc.o)
                0x000078c0                realloc
 .text._sbrk_r  0x000078d8       0x24 c:/users/bbsmi/appdata/local/arduino15/packages/arduino/tools/arm-none-eabi-gcc/4.8.3-2014q1/bin/../lib/gcc/arm-none-eabi/4.8.3/../../../../arm-none-eabi/lib/armv6-m\libc_s.a(lib_a-sbrkr.o)
                0x000078d8                _sbrk_r
 .text.strchr   0x000078fc       0x18 c:/users/bbsmi/appdata/local/arduino15/packages/arduino/tools/arm-none-eabi-gcc/4.8.3-2014q1/bin/../lib/gcc/arm-none-eabi/4.8.3/../../../../arm-none-eabi/lib/armv6-m\libc_s.a(lib_a-strchr.o)
                0x000078fc                strchr
 .text          0x00007914       0x14 c:/users/bbsmi/appdata/local/arduino15/packages/arduino/tools/arm-none-eabi-gcc/4.8.3-2014q1/bin/../lib/gcc/arm-none-eabi/4.8.3/../../../../arm-none-eabi/lib/armv6-m\libc_s.a(lib_a-strcmp.o)
                0x00007914                strcmp
 .text.strcpy   0x00007928       0x10 c:/users/bbsmi/appdata/local/arduino15/packages/arduino/tools/arm-none-eabi-gcc/4.8.3-2014q1/bin/../lib/gcc/arm-none-eabi/4.8.3/../../../../arm-none-eabi/lib/armv6-m\libc_s.a(lib_a-strcpy.o)
                0x00007928                strcpy
 .text.strlen   0x00007938        0xe c:/users/bbsmi/appdata/local/arduino15/packages/arduino/tools/arm-none-eabi-gcc/4.8.3-2014q1/bin/../lib/gcc/arm-none-eabi/4.8.3/../../../../arm-none-eabi/lib/armv6-m\libc_s.a(lib_a-strlen.o)
                0x00007938                strlen
 .text.strncpy  0x00007946       0x28 c:/users/bbsmi/appdata/local/arduino15/packages/arduino/tools/arm-none-eabi-gcc/4.8.3-2014q1/bin/../lib/gcc/arm-none-eabi/4.8.3/../../../../arm-none-eabi/lib/armv6-m\libc_s.a(lib_a-strncpy.o)
                0x00007946                strncpy
 .text._realloc_r
                0x0000796e       0x4c c:/users/bbsmi/appdata/local/arduino15/packages/arduino/tools/arm-none-eabi-gcc/4.8.3-2014q1/bin/../lib/gcc/arm-none-eabi/4.8.3/../../../../arm-none-eabi/lib/armv6-m\libc_s.a(lib_a-nano-reallocr.o)
                0x0000796e                _realloc_r
 .text._malloc_usable_size_r
                0x000079ba       0x12 c:/users/bbsmi/appdata/local/arduino15/packages/arduino/tools/arm-none-eabi-gcc/4.8.3-2014q1/bin/../lib/gcc/arm-none-eabi/4.8.3/../../../../arm-none-eabi/lib/armv6-m\libc_s.a(lib_a-nano-msizer.o)
                0x000079ba                _malloc_usable_size_r
 .text._sbrk    0x000079cc       0x34 c:/users/bbsmi/appdata/local/arduino15/packages/arduino/tools/arm-none-eabi-gcc/4.8.3-2014q1/bin/../lib/gcc/arm-none-eabi/4.8.3/../../../../arm-none-eabi/lib/armv6-m\libnosys.a(sbrk.o)
                0x000079cc                _sbrk
 *(.init)
 .init          0x00007a00        0x4 c:/users/bbsmi/appdata/local/arduino15/packages/arduino/tools/arm-none-eabi-gcc/4.8.3-2014q1/bin/../lib/gcc/arm-none-eabi/4.8.3/armv6-m/crti.o
                0x00007a00                _init
 .init          0x00007a04        0x8 c:/users/bbsmi/appdata/local/arduino15/packages/arduino/tools/arm-none-eabi-gcc/4.8.3-2014q1/bin/../lib/gcc/arm-none-eabi/4.8.3/armv6-m/crtn.o
 *(.fini)
 .fini          0x00007a0c        0x4 c:/users/bbsmi/appdata/local/arduino15/packages/arduino/tools/arm-none-eabi-gcc/4.8.3-2014q1/bin/../lib/gcc/arm-none-eabi/4.8.3/armv6-m/crti.o
                0x00007a0c                _fini
 .fini          0x00007a10        0x8 c:/users/bbsmi/appdata/local/arduino15/packages/arduino/tools/arm-none-eabi-gcc/4.8.3-2014q1/bin/../lib/gcc/arm-none-eabi/4.8.3/armv6-m/crtn.o
 *crtbegin.o(.ctors)
 *crtbegin?.o(.ctors)
 *(EXCLUDE_FILE(*crtend.o *crtend?.o) .ctors)
 *(SORT(.ctors.*))
 *(.ctors)
 *crtbegin.o(.dtors)
 *crtbegin?.o(.dtors)
 *(EXCLUDE_FILE(*crtend.o *crtend?.o) .dtors)
 *(SORT(.dtors.*))
 *(.dtors)
 *(.rodata*)
 .rodata.str1.1
                0x00007a18       0xa5 Yamura_Logger.cpp.o
                                 0xb5 (size before relaxing)
 *fill*         0x00007abd        0x3 
 .rodata._ZTV7TwoWire
                0x00007ac0       0x28 Wire\Wire.cpp.o
                0x00007ac0                vtable for TwoWire
 .rodata._ZTVN5SDLib4FileE
                0x00007ae8       0x28 SD\File.cpp.o
                0x00007ae8                vtable for SDLib::File
 .rodata.str1.1
                0x00000000        0x2 SD\SD.cpp.o
 .rodata.str1.1
                0x00007b10       0x10 SD\utility\SdFile.cpp.o
 .rodata._ZTV6SdFile
                0x00007b20       0x18 SD\utility\SdFile.cpp.o
                0x00007b20                vtable for SdFile
 .rodata.str1.1
                0x00007b38       0x39 SparkFun_I2C_GPS_Arduino_Library-master\SparkFun_I2C_GPS_Arduino_Library.cpp.o
                                 0x3c (size before relaxing)
 *fill*         0x00007b71        0x3 
 .rodata.g_APinDescription
                0x00007b74      0x438 C:\Users\bbsmi\AppData\Local\Temp\VMBCore\arduino16x\84a9e3d3ad7112baf7c76b204efe1e4c\variant\variant.cpp.o
                0x00007b74                g_APinDescription
 .rodata.str1.1
                0x00007fac        0xf C:\Users\bbsmi\AppData\Local\Temp\VMBuilds\Yamura_Logger\SparkFun_sparkfun_samd_RedBoard_Turbo\Release/core.a(Print.cpp.o)
 *fill*         0x00007fbb        0x5 
 .rodata._ZTV4Uart
                0x00007fc0       0x38 C:\Users\bbsmi\AppData\Local\Temp\VMBuilds\Yamura_Logger\SparkFun_sparkfun_samd_RedBoard_Turbo\Release/core.a(Uart.cpp.o)
                0x00007fc0                vtable for Uart
 .rodata._ZTV7Serial_
                0x00007ff8       0x28 C:\Users\bbsmi\AppData\Local\Temp\VMBuilds\Yamura_Logger\SparkFun_sparkfun_samd_RedBoard_Turbo\Release/core.a(CDC.cpp.o)
                0x00007ff8                vtable for Serial_
 .rodata._ZTV26DoubleBufferedEPOutHandler
                0x00008020       0x18 C:\Users\bbsmi\AppData\Local\Temp\VMBuilds\Yamura_Logger\SparkFun_sparkfun_samd_RedBoard_Turbo\Release/core.a(USBCore.cpp.o)
                0x00008020                vtable for DoubleBufferedEPOutHandler
 .rodata._ZL19STRING_MANUFACTURER
                0x00008038        0x9 C:\Users\bbsmi\AppData\Local\Temp\VMBuilds\Yamura_Logger\SparkFun_sparkfun_samd_RedBoard_Turbo\Release/core.a(USBCore.cpp.o)
 *fill*         0x00008041        0x1 
 .rodata._ZL15STRING_LANGUAGE
                0x00008042        0x4 C:\Users\bbsmi\AppData\Local\Temp\VMBuilds\Yamura_Logger\SparkFun_sparkfun_samd_RedBoard_Turbo\Release/core.a(USBCore.cpp.o)
 .rodata._ZL21USB_DeviceDescriptorB
                0x00008046       0x12 C:\Users\bbsmi\AppData\Local\Temp\VMBuilds\Yamura_Logger\SparkFun_sparkfun_samd_RedBoard_Turbo\Release/core.a(USBCore.cpp.o)
 .rodata._ZL14STRING_PRODUCT
                0x00008058        0xf C:\Users\bbsmi\AppData\Local\Temp\VMBuilds\Yamura_Logger\SparkFun_sparkfun_samd_RedBoard_Turbo\Release/core.a(USBCore.cpp.o)
 *fill*         0x00008067        0x1 
 .rodata        0x00008068       0x40 c:/users/bbsmi/appdata/local/arduino15/packages/arduino/tools/arm-none-eabi-gcc/4.8.3-2014q1/bin/../lib/gcc/arm-none-eabi/4.8.3/armv6-m\libgcc.a(mulsf3.o)
 .rodata.str1.1
                0x00000000        0xf c:/users/bbsmi/appdata/local/arduino15/packages/arduino/tools/arm-none-eabi-gcc/4.8.3-2014q1/bin/../lib/gcc/arm-none-eabi/4.8.3/../../../../arm-none-eabi/lib/armv6-m\libc_s.a(lib_a-impure.o)
                                  0x2 (size before relaxing)
 .rodata.__sf_fake_stdin
                0x000080a8       0x20 c:/users/bbsmi/appdata/local/arduino15/packages/arduino/tools/arm-none-eabi-gcc/4.8.3-2014q1/bin/../lib/gcc/arm-none-eabi/4.8.3/../../../../arm-none-eabi/lib/armv6-m\libc_s.a(lib_a-findfp.o)
                0x000080a8                __sf_fake_stdin
 .rodata.__sf_fake_stdout
                0x000080c8       0x20 c:/users/bbsmi/appdata/local/arduino15/packages/arduino/tools/arm-none-eabi-gcc/4.8.3-2014q1/bin/../lib/gcc/arm-none-eabi/4.8.3/../../../../arm-none-eabi/lib/armv6-m\libc_s.a(lib_a-findfp.o)
                0x000080c8                __sf_fake_stdout
 .rodata.__sf_fake_stderr
                0x000080e8       0x20 c:/users/bbsmi/appdata/local/arduino15/packages/arduino/tools/arm-none-eabi-gcc/4.8.3-2014q1/bin/../lib/gcc/arm-none-eabi/4.8.3/../../../../arm-none-eabi/lib/armv6-m\libc_s.a(lib_a-findfp.o)
                0x000080e8                __sf_fake_stderr
 *(.eh_frame*)
 .eh_frame      0x00008108        0x0 c:/users/bbsmi/appdata/local/arduino15/packages/arduino/tools/arm-none-eabi-gcc/4.8.3-2014q1/bin/../lib/gcc/arm-none-eabi/4.8.3/armv6-m/crtbegin.o
 .eh_frame      0x00008108        0x4 c:/users/bbsmi/appdata/local/arduino15/packages/arduino/tools/arm-none-eabi-gcc/4.8.3-2014q1/bin/../lib/gcc/arm-none-eabi/4.8.3/armv6-m/crtend.o

.glue_7         0x0000810c        0x0
 .glue_7        0x00000000        0x0 linker stubs

.glue_7t        0x0000810c        0x0
 .glue_7t       0x00000000        0x0 linker stubs

.vfp11_veneer   0x0000810c        0x0
 .vfp11_veneer  0x00000000        0x0 linker stubs

.v4_bx          0x0000810c        0x0
 .v4_bx         0x00000000        0x0 linker stubs

.iplt           0x0000810c        0x0
 .iplt          0x00000000        0x0 c:/users/bbsmi/appdata/local/arduino15/packages/arduino/tools/arm-none-eabi-gcc/4.8.3-2014q1/bin/../lib/gcc/arm-none-eabi/4.8.3/armv6-m/crtbegin.o

.rel.dyn        0x0000810c        0x0
 .rel.iplt      0x00000000        0x0 c:/users/bbsmi/appdata/local/arduino15/packages/arduino/tools/arm-none-eabi-gcc/4.8.3-2014q1/bin/../lib/gcc/arm-none-eabi/4.8.3/armv6-m/crtbegin.o

.ARM.extab
 *(.ARM.extab* .gnu.linkonce.armextab.*)
                0x0000810c                __exidx_start = .

.ARM.exidx
 *(.ARM.exidx* .gnu.linkonce.armexidx.*)
                0x0000810c                __exidx_end = .
                0x0000810c                __etext = .

.data           0x20000000      0x120 load address 0x0000810c
                0x20000000                __data_start__ = .
 *(vtable)
 *(.data*)
 .data          0x20000000        0x4 c:/users/bbsmi/appdata/local/arduino15/packages/arduino/tools/arm-none-eabi-gcc/4.8.3-2014q1/bin/../lib/gcc/arm-none-eabi/4.8.3/armv6-m/crtbegin.o
                0x20000000                __dso_handle
 .data.waitmsg  0x20000004        0x1 Yamura_Logger.cpp.o
                0x20000004                waitmsg
 .data.runmsg   0x20000005        0x1 Yamura_Logger.cpp.o
                0x20000005                runmsg
 *fill*         0x20000006        0x2 
 .data._ZN8SdVolume17cacheBlockNumber_E
                0x20000008        0x4 SD\utility\SdVolume.cpp.o
                0x20000008                SdVolume::cacheBlockNumber_
 .data.SystemCoreClock
                0x2000000c        0x4 C:\Users\bbsmi\AppData\Local\Temp\VMBuilds\Yamura_Logger\SparkFun_sparkfun_samd_RedBoard_Turbo\Release/core.a(wiring.c.o)
                0x2000000c                SystemCoreClock
 .data._ZL5ticks
                0x20000010        0x4 C:\Users\bbsmi\AppData\Local\Temp\VMBuilds\Yamura_Logger\SparkFun_sparkfun_samd_RedBoard_Turbo\Release/core.a(Reset.cpp.o)
 .data._ZL12_usbLineInfo
                0x20000014        0x8 C:\Users\bbsmi\AppData\Local\Temp\VMBuilds\Yamura_Logger\SparkFun_sparkfun_samd_RedBoard_Turbo\Release/core.a(CDC.cpp.o)
 .data._ZL10breakValue
                0x2000001c        0x4 C:\Users\bbsmi\AppData\Local\Temp\VMBuilds\Yamura_Logger\SparkFun_sparkfun_samd_RedBoard_Turbo\Release/core.a(CDC.cpp.o)
 .data._ZL13_cdcInterface
                0x20000020       0x42 C:\Users\bbsmi\AppData\Local\Temp\VMBuilds\Yamura_Logger\SparkFun_sparkfun_samd_RedBoard_Turbo\Release/core.a(CDC.cpp.o)
 *fill*         0x20000062        0x2 
 .data._serialPeek
                0x20000064        0x4 C:\Users\bbsmi\AppData\Local\Temp\VMBuilds\Yamura_Logger\SparkFun_sparkfun_samd_RedBoard_Turbo\Release/core.a(CDC.cpp.o)
                0x20000064                _serialPeek
 .data.EndPoints
                0x20000068       0x28 C:\Users\bbsmi\AppData\Local\Temp\VMBuilds\Yamura_Logger\SparkFun_sparkfun_samd_RedBoard_Turbo\Release/core.a(USBCore.cpp.o)
                0x20000068                EndPoints
 .data.impure_data
                0x20000090       0x60 c:/users/bbsmi/appdata/local/arduino15/packages/arduino/tools/arm-none-eabi-gcc/4.8.3-2014q1/bin/../lib/gcc/arm-none-eabi/4.8.3/../../../../arm-none-eabi/lib/armv6-m\libc_s.a(lib_a-impure.o)
 .data._impure_ptr
                0x200000f0        0x4 c:/users/bbsmi/appdata/local/arduino15/packages/arduino/tools/arm-none-eabi-gcc/4.8.3-2014q1/bin/../lib/gcc/arm-none-eabi/4.8.3/../../../../arm-none-eabi/lib/armv6-m\libc_s.a(lib_a-impure.o)
                0x200000f0                _impure_ptr
                0x200000f4                . = ALIGN (0x4)
                0x200000f4                PROVIDE (__preinit_array_start, .)
 *(.preinit_array)
                0x200000f4                PROVIDE (__preinit_array_end, .)
                0x200000f4                . = ALIGN (0x4)
                0x200000f4                PROVIDE (__init_array_start, .)
 *(SORT(.init_array.*))
 *(.init_array)
 .init_array    0x200000f4        0x4 c:/users/bbsmi/appdata/local/arduino15/packages/arduino/tools/arm-none-eabi-gcc/4.8.3-2014q1/bin/../lib/gcc/arm-none-eabi/4.8.3/armv6-m/crtbegin.o
 .init_array    0x200000f8        0x4 Yamura_Logger.cpp.o
 .init_array    0x200000fc        0x4 Wire\Wire.cpp.o
 .init_array    0x20000100        0x4 SPI\SPI.cpp.o
 .init_array    0x20000104        0x4 SD\SD.cpp.o
 .init_array    0x20000108        0x4 SD\utility\Sd2Card.cpp.o
 .init_array    0x2000010c        0x4 C:\Users\bbsmi\AppData\Local\Temp\VMBCore\arduino16x\84a9e3d3ad7112baf7c76b204efe1e4c\variant\variant.cpp.o
 .init_array    0x20000110        0x4 C:\Users\bbsmi\AppData\Local\Temp\VMBuilds\Yamura_Logger\SparkFun_sparkfun_samd_RedBoard_Turbo\Release/core.a(CDC.cpp.o)